build: target=one CC=<aros>/toolchain/x86_64-aros-gcc out=<repo>/build/one/grafx2
echo "const char SVN_revision[]=\"3284-HEAD\";" > version.c
<aros>/toolchain/x86_64-aros-gcc -std=gnu99 -Wall -Wno-pointer-sign -O2 -g --sysroot=<aros>/sdk -I<aros>/sdk/include -I<aros>/sdk/include/SDL2 -DUSE_SDL2 -DNOTTF=1 -DNORECOIL -D__no_tifflib__  -MM -MG -MT <repo>/build/one/obj/version.o -MT <repo>/build/one/obj/version.d -o <repo>/build/one/obj/version.d version.c
<aros>/toolchain/x86_64-aros-gcc -std=gnu99 -Wall -Wno-pointer-sign -O2 -g --sysroot=<aros>/sdk -I<aros>/sdk/include -I<aros>/sdk/include/SDL2 -DUSE_SDL2 -DNOTTF=1 -DNORECOIL -D__no_tifflib__  -MM -MG -MT <repo>/build/one/obj/io.o -MT <repo>/build/one/obj/io.d -o <repo>/build/one/obj/io.d io.c
<aros>/toolchain/x86_64-aros-gcc -std=gnu99 -Wall -Wno-pointer-sign -O2 -g --sysroot=<aros>/sdk -I<aros>/sdk/include -I<aros>/sdk/include/SDL2 -DUSE_SDL2 -DNOTTF=1 -DNORECOIL -D__no_tifflib__  -MM -MG -MT <repo>/build/one/obj/filesel.o -MT <repo>/build/one/obj/filesel.d -o <repo>/build/one/obj/filesel.d filesel.c
<aros>/toolchain/x86_64-aros-gcc -std=gnu99 -Wall -Wno-pointer-sign -O2 -g --sysroot=<aros>/sdk -I<aros>/sdk/include -I<aros>/sdk/include/SDL2 -DUSE_SDL2 -DNOTTF=1 -DNORECOIL -D__no_tifflib__  -c filesel.c -o <repo>/build/one/obj/filesel.o
filesel.c: In function 'Find_filename_match':
filesel.c:1362:15: warning: implicit declaration of function 'towlower' [-Wimplicit-function-declaration]
 1362 |           if (towlower(current_item->Unicode_full_name[counter]) != towlower(fname[counter]))
      |               ^~~~~~~~
filesel.c:1362:15: warning: incompatible implicit declaration of built-in function 'towlower'
filesel.c:68:1: note: include '<wctype.h>' or provide a declaration of 'towlower'
   67 | #include "fileseltools.h"
  +++ |+#include <wctype.h>
   68 | 
filesel.c:1370:68: warning: incompatible implicit declaration of built-in function 'towlower'
 1370 |           if ((wint_t)tolower(current_item->Full_name[counter]) != towlower(fname[counter]))
      |                                                                    ^~~~~~~~
filesel.c:1370:68: note: include '<wctype.h>' or provide a declaration of 'towlower'
filesel.c: In function 'Print_filename_in_fileselector':
filesel.c:1167:5: warning: 'strncpy' specified bound 32 equals destination size [-Wstringop-truncation]
 1167 |     strncpy(filename, Selector->filename, sizeof(filename));
      |     ^~~~~~~~~~~~~~~~~~~~~~~~~~~~~~~~~~~~~~~~~~~~~~~~~~~~~~~
filesel.c: In function 'Button_Load_or_Save':
filesel.c:1899:11: warning: 'strncpy' specified bound 256 equals destination size [-Wstringop-truncation]
 1899 |           strncpy(filename_ansi, Selector->filename, sizeof(filename_ansi));
      |           ^~~~~~~~~~~~~~~~~~~~~~~~~~~~~~~~~~~~~~~~~~~~~~~~~~~~~~~~~~~~~~~~~
<aros>/toolchain/x86_64-aros-gcc -std=gnu99 -Wall -Wno-pointer-sign -O2 -g --sysroot=<aros>/sdk -I<aros>/sdk/include -I<aros>/sdk/include/SDL2 -DUSE_SDL2 -DNOTTF=1 -DNORECOIL -D__no_tifflib__  -c io.c -o <repo>/build/one/obj/io.o
<aros>/toolchain/x86_64-aros-gcc -std=gnu99 -Wall -Wno-pointer-sign -O2 -g --sysroot=<aros>/sdk -I<aros>/sdk/include -I<aros>/sdk/include/SDL2 -DUSE_SDL2 -DNOTTF=1 -DNORECOIL -D__no_tifflib__  -c version.c -o <repo>/build/one/obj/version.o
<aros>/toolchain/x86_64-aros-gcc <repo>/build/one/obj/main.o <repo>/build/one/obj/init.o <repo>/build/one/obj/graph.o <repo>/build/one/obj/sdlscreen.o <repo>/build/one/obj/misc.o <repo>/build/one/obj/osdep.o <repo>/build/one/obj/special.o <repo>/build/one/obj/buttons.o <repo>/build/one/obj/palette.o <repo>/build/one/obj/help.o <repo>/build/one/obj/operatio.o <repo>/build/one/obj/pages.o <repo>/build/one/obj/readline.o <repo>/build/one/obj/engine.o <repo>/build/one/obj/filesel.o <repo>/build/one/obj/fileseltools.o <repo>/build/one/obj/op_c.o <repo>/build/one/obj/readini.o <repo>/build/one/obj/saveini.o <repo>/build/one/obj/shade.o <repo>/build/one/obj/keyboard.o <repo>/build/one/obj/io.o <repo>/build/one/obj/version.o <repo>/build/one/obj/text.o <repo>/build/one/obj/SFont.o <repo>/build/one/obj/setup.o <repo>/build/one/obj/pxsimple.o <repo>/build/one/obj/pxtall.o <repo>/build/one/obj/pxwide.o <repo>/build/one/obj/pxdouble.o <repo>/build/one/obj/pxtriple.o <repo>/build/one/obj/pxtall2.o <repo>/build/one/obj/pxtall3.o <repo>/build/one/obj/pxwide2.o <repo>/build/one/obj/pxquad.o <repo>/build/one/obj/windows.o <repo>/build/one/obj/brush.o <repo>/build/one/obj/realpath.o <repo>/build/one/obj/mountlist.o <repo>/build/one/obj/input.o <repo>/build/one/obj/hotkeys.o <repo>/build/one/obj/transform.o <repo>/build/one/obj/pversion.o <repo>/build/one/obj/factory.o <repo>/build/one/obj/loadsave.o <repo>/build/one/obj/loadsavefuncs.o <repo>/build/one/obj/pngformat.o <repo>/build/one/obj/motoformats.o <repo>/build/one/obj/stformats.o <repo>/build/one/obj/c64formats.o <repo>/build/one/obj/cpcformats.o <repo>/build/one/obj/ifformat.o <repo>/build/one/obj/msxformats.o <repo>/build/one/obj/packbits.o <repo>/build/one/obj/giformat.o <repo>/build/one/obj/2gsformats.o <repo>/build/one/obj/packbytes.o <repo>/build/one/obj/fileformats.o <repo>/build/one/obj/miscfileformats.o <repo>/build/one/obj/libraw2crtc.o <repo>/build/one/obj/brush_ops.o <repo>/build/one/obj/buttons_effects.o <repo>/build/one/obj/layers.o <repo>/build/one/obj/oldies.o <repo>/build/one/obj/tiles.o <repo>/build/one/obj/colorred.o <repo>/build/one/obj/unicode.o <repo>/build/one/obj/gfx2surface.o <repo>/build/one/obj/gfx2log.o <repo>/build/one/obj/gfx2mem.o <repo>/build/one/obj/tifformat.o <repo>/build/one/obj/c64load.o <repo>/build/one/obj/6502.o -o <repo>/build/one/grafx2 --sysroot=<aros>/sdk -L<aros>/sdk/lib -lSDL2_image -lSDL2 -lGL -liconv -lpng_nostdio -lz.static  
-rwxrw-rw-@ 1 user  staff  9954072 Sep 21 14:48 <repo>/build/one/grafx2
