
.arospkg/manifest.toml	- Melting  :  .
.arospkg/manifest.toml	- Melting  :  o
.arospkg/manifest.toml	- Melted  

GrafX2/GrafX2	- Melting  :  ............................................
GrafX2/GrafX2	- Melting  :  oooooooooooooooooooooooooooooooooooooooooooo
GrafX2/GrafX2	- Melted  

GrafX2/GrafX2.info	- Melting  :  .
GrafX2/GrafX2.info	- Melting  :  o
GrafX2/GrafX2.info	- Melted  

GrafX2/Licenses/COPYRIGHT.txt	- Melting  :  .
GrafX2/Licenses/COPYRIGHT.txt	- Melting  :  o
GrafX2/Licenses/COPYRIGHT.txt	- Melted  

GrafX2/Licenses/gpl-2.0.txt	- Melting  :  ...
GrafX2/Licenses/gpl-2.0.txt	- Melting  :  ooo
GrafX2/Licenses/gpl-2.0.txt	- Melted  

GrafX2/ReadMe.txt	- Melting  :  .
GrafX2/ReadMe.txt	- Melting  :  o
GrafX2/ReadMe.txt	- Melted  

GrafX2/data/fonts/5pxtinyfont.png	- Melting  :  .
GrafX2/data/fonts/5pxtinyfont.png	- Melting  :  o
GrafX2/data/fonts/5pxtinyfont.png	- Melted  

GrafX2/data/fonts/8pxfont.png	- Melting  :  .
GrafX2/data/fonts/8pxfont.png	- Melting  :  o
GrafX2/data/fonts/8pxfont.png	- Melted  

GrafX2/data/fonts/GrafX2_Black.gif	- Melting  :  .
GrafX2/data/fonts/GrafX2_Black.gif	- Melting  :  o
GrafX2/data/fonts/GrafX2_Black.gif	- Melted  

GrafX2/data/fonts/GrafX2_Dark.gif	- Melting  :  .
GrafX2/data/fonts/GrafX2_Dark.gif	- Melting  :  o
GrafX2/data/fonts/GrafX2_Dark.gif	- Melted  

GrafX2/data/fonts/PF_Arma_5__.png	- Melting  :  .
GrafX2/data/fonts/PF_Arma_5__.png	- Melting  :  o
GrafX2/data/fonts/PF_Arma_5__.png	- Melted  

GrafX2/data/fonts/PF_Easta_7_.png	- Melting  :  .
GrafX2/data/fonts/PF_Easta_7_.png	- Melting  :  o
GrafX2/data/fonts/PF_Easta_7_.png	- Melted  

GrafX2/data/fonts/PF_Easta_7__.png	- Melting  :  .
GrafX2/data/fonts/PF_Easta_7__.png	- Melting  :  o
GrafX2/data/fonts/PF_Easta_7__.png	- Melted  

GrafX2/data/fonts/PF_Ronda_7__.png	- Melting  :  .
GrafX2/data/fonts/PF_Ronda_7__.png	- Melting  :  o
GrafX2/data/fonts/PF_Ronda_7__.png	- Melted  

GrafX2/data/fonts/PF_Tempesta_5.png	- Melting  :  .
GrafX2/data/fonts/PF_Tempesta_5.png	- Melting  :  o
GrafX2/data/fonts/PF_Tempesta_5.png	- Melted  

GrafX2/data/fonts/PF_Tempesta_5_.png	- Melting  :  .
GrafX2/data/fonts/PF_Tempesta_5_.png	- Melting  :  o
GrafX2/data/fonts/PF_Tempesta_5_.png	- Melted  

GrafX2/data/fonts/PF_Tempesta_5__.png	- Melting  :  .
GrafX2/data/fonts/PF_Tempesta_5__.png	- Melting  :  o
GrafX2/data/fonts/PF_Tempesta_5__.png	- Melted  

GrafX2/data/fonts/PF_Tempesta_5___.png	- Melting  :  .
GrafX2/data/fonts/PF_Tempesta_5___.png	- Melting  :  o
GrafX2/data/fonts/PF_Tempesta_5___.png	- Melted  

GrafX2/data/fonts/PF_Tempesta_7.png	- Melting  :  .
GrafX2/data/fonts/PF_Tempesta_7.png	- Melting  :  o
GrafX2/data/fonts/PF_Tempesta_7.png	- Melted  

GrafX2/data/fonts/PF_Tempesta_7_.png	- Melting  :  .
GrafX2/data/fonts/PF_Tempesta_7_.png	- Melting  :  o
GrafX2/data/fonts/PF_Tempesta_7_.png	- Melted  

GrafX2/data/fonts/PF_Tempesta_7__.png	- Melting  :  .
GrafX2/data/fonts/PF_Tempesta_7__.png	- Melting  :  o
GrafX2/data/fonts/PF_Tempesta_7__.png	- Melted  

GrafX2/data/fonts/PF_Tempesta_7___.png	- Melting  :  .
GrafX2/data/fonts/PF_Tempesta_7___.png	- Melting  :  o
GrafX2/data/fonts/PF_Tempesta_7___.png	- Melted  

GrafX2/data/fonts/PF_Westa_7_.png	- Melting  :  .
GrafX2/data/fonts/PF_Westa_7_.png	- Melting  :  o
GrafX2/data/fonts/PF_Westa_7_.png	- Melted  

GrafX2/data/fonts/PF_Westa_7__.png	- Melting  :  .
GrafX2/data/fonts/PF_Westa_7__.png	- Melting  :  o
GrafX2/data/fonts/PF_Westa_7__.png	- Melted  

GrafX2/data/fonts/Tuffy.ttf	- Melting  :  ...
GrafX2/data/fonts/Tuffy.ttf	- Melting  :  ooo
GrafX2/data/fonts/Tuffy.ttf	- Melted  

GrafX2/data/fonts/colorfont.pcx	- Melting  :  .
GrafX2/data/fonts/colorfont.pcx	- Melting  :  o
GrafX2/data/fonts/colorfont.pcx	- Melted  

GrafX2/data/gfx2.gif	- Melting  :  .
GrafX2/data/gfx2.gif	- Melting  :  o
GrafX2/data/gfx2.gif	- Melted  

GrafX2/data/gfx2.png	- Melting  :  .
GrafX2/data/gfx2.png	- Melting  :  o
GrafX2/data/gfx2.png	- Melted  

GrafX2/data/gfx2def.ini	- Melting  :  ...
GrafX2/data/gfx2def.ini	- Melting  :  ooo
GrafX2/data/gfx2def.ini	- Melted  

GrafX2/data/scripts/_tst_AAFilter.lua	- Melting  :  .
GrafX2/data/scripts/_tst_AAFilter.lua	- Melting  :  o
GrafX2/data/scripts/_tst_AAFilter.lua	- Melted  

GrafX2/data/scripts/_tst_GradientBrush.lua	- Melting  :  .
GrafX2/data/scripts/_tst_GradientBrush.lua	- Melting  :  o
GrafX2/data/scripts/_tst_GradientBrush.lua	- Melted  

GrafX2/data/scripts/_tst_Settings.lua	- Melting  :  .
GrafX2/data/scripts/_tst_Settings.lua	- Melting  :  o
GrafX2/data/scripts/_tst_Settings.lua	- Melted  

GrafX2/data/scripts/_tst_dialog.lua	- Melting  :  .
GrafX2/data/scripts/_tst_dialog.lua	- Melting  :  o
GrafX2/data/scripts/_tst_dialog.lua	- Melted  

GrafX2/data/scripts/_tst_dialog2.lua	- Melting  :  .
GrafX2/data/scripts/_tst_dialog2.lua	- Melting  :  o
GrafX2/data/scripts/_tst_dialog2.lua	- Melted  

GrafX2/data/scripts/dawn/4dither/ReadMe.txt	- Melting  :  .
GrafX2/data/scripts/dawn/4dither/ReadMe.txt	- Melting  :  o
GrafX2/data/scripts/dawn/4dither/ReadMe.txt	- Melted  

GrafX2/data/scripts/dawn/4dither/bru_db_4dither3colPyramid.lua	- Melting  :  .
GrafX2/data/scripts/dawn/4dither/bru_db_4dither3colPyramid.lua	- Melting  :  o
GrafX2/data/scripts/dawn/4dither/bru_db_4dither3colPyramid.lua	- Melted  

GrafX2/data/scripts/dawn/4dither/bru_db_4ditherBrush.lua	- Melting  :  .
GrafX2/data/scripts/dawn/4dither/bru_db_4ditherBrush.lua	- Melting  :  o
GrafX2/data/scripts/dawn/4dither/bru_db_4ditherBrush.lua	- Melted  

GrafX2/data/scripts/dawn/4dither/bru_db_4ditherBrushMulti.lua	- Melting  :  .
GrafX2/data/scripts/dawn/4dither/bru_db_4ditherBrushMulti.lua	- Melting  :  o
GrafX2/data/scripts/dawn/4dither/bru_db_4ditherBrushMulti.lua	- Melted  

GrafX2/data/scripts/dawn/4dither/bru_db_4ditherGradient.lua	- Melting  :  .
GrafX2/data/scripts/dawn/4dither/bru_db_4ditherGradient.lua	- Melting  :  o
GrafX2/data/scripts/dawn/4dither/bru_db_4ditherGradient.lua	- Melted  

GrafX2/data/scripts/dawn/4dither/getBrightness.lua	- Melting  :  .
GrafX2/data/scripts/dawn/4dither/getBrightness.lua	- Melting  :  o
GrafX2/data/scripts/dawn/4dither/getBrightness.lua	- Melted  

GrafX2/data/scripts/dawn/4dither/images/4dith_C64best.png	- Melting  :  .
GrafX2/data/scripts/dawn/4dither/images/4dith_C64best.png	- Melting  :  o
GrafX2/data/scripts/dawn/4dither/images/4dith_C64best.png	- Melted  

GrafX2/data/scripts/dawn/4dither/images/4dith_db16.png	- Melting  :  ..
GrafX2/data/scripts/dawn/4dither/images/4dith_db16.png	- Melting  :  oo
GrafX2/data/scripts/dawn/4dither/images/4dith_db16.png	- Melted  

GrafX2/data/scripts/dawn/4dither/images/4dith_db8.png	- Melting  :  .
GrafX2/data/scripts/dawn/4dither/images/4dith_db8.png	- Melting  :  o
GrafX2/data/scripts/dawn/4dither/images/4dith_db8.png	- Melted  

GrafX2/data/scripts/dawn/4dither/images/4dith_fun16.png	- Melting  :  ..
GrafX2/data/scripts/dawn/4dither/images/4dith_fun16.png	- Melting  :  oo
GrafX2/data/scripts/dawn/4dither/images/4dith_fun16.png	- Melted  

GrafX2/data/scripts/dawn/4dither/images/4dith_pyramid.png	- Melting  :  .
GrafX2/data/scripts/dawn/4dither/images/4dith_pyramid.png	- Melting  :  o
GrafX2/data/scripts/dawn/4dither/images/4dith_pyramid.png	- Melted  

GrafX2/data/scripts/dawn/4dither/images/4dither_brihue_db32_196.png	- Melting  :  ...
GrafX2/data/scripts/dawn/4dither/images/4dither_brihue_db32_196.png	- Melting  :  ooo
GrafX2/data/scripts/dawn/4dither/images/4dither_brihue_db32_196.png	- Melted  

GrafX2/data/scripts/dawn/4dither/images/4dither_nes.png	- Melting  :  ...
GrafX2/data/scripts/dawn/4dither/images/4dither_nes.png	- Melting  :  ooo
GrafX2/data/scripts/dawn/4dither/images/4dither_nes.png	- Melted  

GrafX2/data/scripts/dawn/4dither/images/dynGamma482.png	- Melting  :  ..
GrafX2/data/scripts/dawn/4dither/images/dynGamma482.png	- Melting  :  oo
GrafX2/data/scripts/dawn/4dither/images/dynGamma482.png	- Melted  

GrafX2/data/scripts/dawn/4dither/pic_db_4ditherDrawCombos.lua	- Melting  :  .
GrafX2/data/scripts/dawn/4dither/pic_db_4ditherDrawCombos.lua	- Melting  :  o
GrafX2/data/scripts/dawn/4dither/pic_db_4ditherDrawCombos.lua	- Melted  

GrafX2/data/scripts/dawn/4dither/pic_db_4ditherDrawCombosSetCols.lua	- Melting  :  .
GrafX2/data/scripts/dawn/4dither/pic_db_4ditherDrawCombosSetCols.lua	- Melting  :  o
GrafX2/data/scripts/dawn/4dither/pic_db_4ditherDrawCombosSetCols.lua	- Melted  

GrafX2/data/scripts/dawn/4dither/pic_db_4ditherHueBriChart.lua	- Melting  :  .
GrafX2/data/scripts/dawn/4dither/pic_db_4ditherHueBriChart.lua	- Melting  :  o
GrafX2/data/scripts/dawn/4dither/pic_db_4ditherHueBriChart.lua	- Melted  

GrafX2/data/scripts/dawn/4dither/pic_db_4ditherHueBriExamples.lua	- Melting  :  ..
GrafX2/data/scripts/dawn/4dither/pic_db_4ditherHueBriExamples.lua	- Melting  :  oo
GrafX2/data/scripts/dawn/4dither/pic_db_4ditherHueBriExamples.lua	- Melted  

GrafX2/data/scripts/dawn/4dither/pic_db_4ditherRemap.lua	- Melting  :  .
GrafX2/data/scripts/dawn/4dither/pic_db_4ditherRemap.lua	- Melting  :  o
GrafX2/data/scripts/dawn/4dither/pic_db_4ditherRemap.lua	- Melted  

GrafX2/data/scripts/dawn/4dither/pic_db_4dither_RenderTest.lua	- Melting  :  .
GrafX2/data/scripts/dawn/4dither/pic_db_4dither_RenderTest.lua	- Melting  :  o
GrafX2/data/scripts/dawn/4dither/pic_db_4dither_RenderTest.lua	- Melted  

GrafX2/data/scripts/dawn/ReadMe.txt	- Melting  :  .
GrafX2/data/scripts/dawn/ReadMe.txt	- Melting  :  o
GrafX2/data/scripts/dawn/ReadMe.txt	- Melted  

GrafX2/data/scripts/dawn/_help/assign_palette.png	- Melting  :  .....
GrafX2/data/scripts/dawn/_help/assign_palette.png	- Melting  :  ooooo
GrafX2/data/scripts/dawn/_help/assign_palette.png	- Melted  

GrafX2/data/scripts/dawn/_help/colorbalance_settings.png	- Melting  :  ..
GrafX2/data/scripts/dawn/_help/colorbalance_settings.png	- Melting  :  oo
GrafX2/data/scripts/dawn/_help/colorbalance_settings.png	- Melted  

GrafX2/data/scripts/dawn/_help/dropshadow.png	- Melting  :  ...
GrafX2/data/scripts/dawn/_help/dropshadow.png	- Melting  :  ooo
GrafX2/data/scripts/dawn/_help/dropshadow.png	- Melted  

GrafX2/data/scripts/dawn/_help/fill_color_with_brush.png	- Melting  :  ..
GrafX2/data/scripts/dawn/_help/fill_color_with_brush.png	- Melting  :  oo
GrafX2/data/scripts/dawn/_help/fill_color_with_brush.png	- Melted  

GrafX2/data/scripts/dawn/_help/geometric_shapes_examples.png	- Melting  :  ..
GrafX2/data/scripts/dawn/_help/geometric_shapes_examples.png	- Melting  :  oo
GrafX2/data/scripts/dawn/_help/geometric_shapes_examples.png	- Melted  

GrafX2/data/scripts/dawn/_help/image_shape_filters.png	- Melting  :  ..
GrafX2/data/scripts/dawn/_help/image_shape_filters.png	- Melting  :  oo
GrafX2/data/scripts/dawn/_help/image_shape_filters.png	- Melted  

GrafX2/data/scripts/dawn/_help/mixcolor_table.png	- Melting  :  .
GrafX2/data/scripts/dawn/_help/mixcolor_table.png	- Melting  :  o
GrafX2/data/scripts/dawn/_help/mixcolor_table.png	- Melted  

GrafX2/data/scripts/dawn/_help/rotations.png	- Melting  :  .
GrafX2/data/scripts/dawn/_help/rotations.png	- Melting  :  o
GrafX2/data/scripts/dawn/_help/rotations.png	- Melted  

GrafX2/data/scripts/dawn/_help/show_aa_colors.png	- Melting  :  .
GrafX2/data/scripts/dawn/_help/show_aa_colors.png	- Melting  :  o
GrafX2/data/scripts/dawn/_help/show_aa_colors.png	- Melted  

GrafX2/data/scripts/dawn/_help/tint_and_colorize.png	- Melting  :  ...
GrafX2/data/scripts/dawn/_help/tint_and_colorize.png	- Melting  :  ooo
GrafX2/data/scripts/dawn/_help/tint_and_colorize.png	- Melted  

GrafX2/data/scripts/dawn/_how_to_assign_keys.png	- Melting  :  ..
GrafX2/data/scripts/dawn/_how_to_assign_keys.png	- Melting  :  oo
GrafX2/data/scripts/dawn/_how_to_assign_keys.png	- Melted  

GrafX2/data/scripts/dawn/_save_palette/ReadMe.txt	- Melting  :  .
GrafX2/data/scripts/dawn/_save_palette/ReadMe.txt	- Melting  :  o
GrafX2/data/scripts/dawn/_save_palette/ReadMe.txt	- Melted  

GrafX2/data/scripts/dawn/_save_palette/fil_db_SavePalette.lua	- Melting  :  .
GrafX2/data/scripts/dawn/_save_palette/fil_db_SavePalette.lua	- Melting  :  o
GrafX2/data/scripts/dawn/_save_palette/fil_db_SavePalette.lua	- Melted  

GrafX2/data/scripts/dawn/_toolboxmenu.png	- Melting  :  ..
GrafX2/data/scripts/dawn/_toolboxmenu.png	- Melting  :  oo
GrafX2/data/scripts/dawn/_toolboxmenu.png	- Melted  

GrafX2/data/scripts/dawn/example_gfx/distortion_test.png	- Melting  :  ..
GrafX2/data/scripts/dawn/example_gfx/distortion_test.png	- Melting  :  oo
GrafX2/data/scripts/dawn/example_gfx/distortion_test.png	- Melted  

GrafX2/data/scripts/dawn/example_gfx/spritesheet_24x24_8frames.png	- Melting  :  .
GrafX2/data/scripts/dawn/example_gfx/spritesheet_24x24_8frames.png	- Melting  :  o
GrafX2/data/scripts/dawn/example_gfx/spritesheet_24x24_8frames.png	- Melted  

GrafX2/data/scripts/dawn/example_gfx/testcenter.png	- Melting  :  .
GrafX2/data/scripts/dawn/example_gfx/testcenter.png	- Melting  :  o
GrafX2/data/scripts/dawn/example_gfx/testcenter.png	- Melted  

GrafX2/data/scripts/dawn/example_gfx/tiletest_32x32.png	- Melting  :  .
GrafX2/data/scripts/dawn/example_gfx/tiletest_32x32.png	- Melting  :  o
GrafX2/data/scripts/dawn/example_gfx/tiletest_32x32.png	- Melted  

GrafX2/data/scripts/dawn/ffonts/ReadMe.txt	- Melting  :  .
GrafX2/data/scripts/dawn/ffonts/ReadMe.txt	- Melting  :  o
GrafX2/data/scripts/dawn/ffonts/ReadMe.txt	- Melted  

GrafX2/data/scripts/dawn/ffonts/font_mini_3x4.lua	- Melting  :  .
GrafX2/data/scripts/dawn/ffonts/font_mini_3x4.lua	- Melting  :  o
GrafX2/data/scripts/dawn/ffonts/font_mini_3x4.lua	- Melted  

GrafX2/data/scripts/dawn/ffonts/imagefont_2_function.lua	- Melting  :  .
GrafX2/data/scripts/dawn/ffonts/imagefont_2_function.lua	- Melting  :  o
GrafX2/data/scripts/dawn/ffonts/imagefont_2_function.lua	- Melted  

GrafX2/data/scripts/dawn/gradients/ReadMe.txt	- Melting  :  .
GrafX2/data/scripts/dawn/gradients/ReadMe.txt	- Melting  :  o
GrafX2/data/scripts/dawn/gradients/ReadMe.txt	- Melted  

GrafX2/data/scripts/dawn/gradients/fil_db_SavePalette.lua	- Melting  :  .
GrafX2/data/scripts/dawn/gradients/fil_db_SavePalette.lua	- Melting  :  o
GrafX2/data/scripts/dawn/gradients/fil_db_SavePalette.lua	- Melted  

GrafX2/data/scripts/dawn/gradients/pal_db_GradientManager.lua	- Melting  :  .
GrafX2/data/scripts/dawn/gradients/pal_db_GradientManager.lua	- Melting  :  o
GrafX2/data/scripts/dawn/gradients/pal_db_GradientManager.lua	- Melted  

GrafX2/data/scripts/dawn/gradients/pal_db_GradientSelector.lua	- Melting  :  .
GrafX2/data/scripts/dawn/gradients/pal_db_GradientSelector.lua	- Melting  :  o
GrafX2/data/scripts/dawn/gradients/pal_db_GradientSelector.lua	- Melted  

GrafX2/data/scripts/dawn/gradients/pal_db_PencolGradientMethods.lua	- Melting  :  .
GrafX2/data/scripts/dawn/gradients/pal_db_PencolGradientMethods.lua	- Melting  :  o
GrafX2/data/scripts/dawn/gradients/pal_db_PencolGradientMethods.lua	- Melted  

GrafX2/data/scripts/dawn/gradients/pal_db_SetAzureSky_256.lua	- Melting  :  .
GrafX2/data/scripts/dawn/gradients/pal_db_SetAzureSky_256.lua	- Melting  :  o
GrafX2/data/scripts/dawn/gradients/pal_db_SetAzureSky_256.lua	- Melted  

GrafX2/data/scripts/dawn/gradients/pal_db_SetBlueSepia_256.lua	- Melting  :  .
GrafX2/data/scripts/dawn/gradients/pal_db_SetBlueSepia_256.lua	- Melting  :  o
GrafX2/data/scripts/dawn/gradients/pal_db_SetBlueSepia_256.lua	- Melted  

GrafX2/data/scripts/dawn/gradients/pal_db_SetBlueSky_256.lua	- Melting  :  .
GrafX2/data/scripts/dawn/gradients/pal_db_SetBlueSky_256.lua	- Melting  :  o
GrafX2/data/scripts/dawn/gradients/pal_db_SetBlueSky_256.lua	- Melted  

GrafX2/data/scripts/dawn/gradients/pal_db_SetDawn_256.lua	- Melting  :  .
GrafX2/data/scripts/dawn/gradients/pal_db_SetDawn_256.lua	- Melting  :  o
GrafX2/data/scripts/dawn/gradients/pal_db_SetDawn_256.lua	- Melted  

GrafX2/data/scripts/dawn/gradients/pal_db_SetDusk_256.lua	- Melting  :  .
GrafX2/data/scripts/dawn/gradients/pal_db_SetDusk_256.lua	- Melting  :  o
GrafX2/data/scripts/dawn/gradients/pal_db_SetDusk_256.lua	- Melted  

GrafX2/data/scripts/dawn/gradients/pal_db_SetFire_256.lua	- Melting  :  .
GrafX2/data/scripts/dawn/gradients/pal_db_SetFire_256.lua	- Melting  :  o
GrafX2/data/scripts/dawn/gradients/pal_db_SetFire_256.lua	- Melted  

GrafX2/data/scripts/dawn/gradients/pal_db_SetGoldBlue_256.lua	- Melting  :  .
GrafX2/data/scripts/dawn/gradients/pal_db_SetGoldBlue_256.lua	- Melting  :  o
GrafX2/data/scripts/dawn/gradients/pal_db_SetGoldBlue_256.lua	- Melted  

GrafX2/data/scripts/dawn/gradients/pal_db_SetGrayscale_256.lua	- Melting  :  .
GrafX2/data/scripts/dawn/gradients/pal_db_SetGrayscale_256.lua	- Melting  :  o
GrafX2/data/scripts/dawn/gradients/pal_db_SetGrayscale_256.lua	- Melted  

GrafX2/data/scripts/dawn/gradients/pal_db_SetLava_256.lua	- Melting  :  .
GrafX2/data/scripts/dawn/gradients/pal_db_SetLava_256.lua	- Melting  :  o
GrafX2/data/scripts/dawn/gradients/pal_db_SetLava_256.lua	- Melted  

GrafX2/data/scripts/dawn/gradients/pal_db_SetLime_256.lua	- Melting  :  .
GrafX2/data/scripts/dawn/gradients/pal_db_SetLime_256.lua	- Melting  :  o
GrafX2/data/scripts/dawn/gradients/pal_db_SetLime_256.lua	- Melted  

GrafX2/data/scripts/dawn/gradients/pal_db_SetMandel1_256.lua	- Melting  :  .
GrafX2/data/scripts/dawn/gradients/pal_db_SetMandel1_256.lua	- Melting  :  o
GrafX2/data/scripts/dawn/gradients/pal_db_SetMandel1_256.lua	- Melted  

GrafX2/data/scripts/dawn/gradients/pal_db_SetMauve_256.lua	- Melting  :  .
GrafX2/data/scripts/dawn/gradients/pal_db_SetMauve_256.lua	- Melting  :  o
GrafX2/data/scripts/dawn/gradients/pal_db_SetMauve_256.lua	- Melted  

GrafX2/data/scripts/dawn/gradients/pal_db_SetMystery_256.lua	- Melting  :  .
GrafX2/data/scripts/dawn/gradients/pal_db_SetMystery_256.lua	- Melting  :  o
GrafX2/data/scripts/dawn/gradients/pal_db_SetMystery_256.lua	- Melted  

GrafX2/data/scripts/dawn/gradients/pal_db_SetOlive_256.lua	- Melting  :  .
GrafX2/data/scripts/dawn/gradients/pal_db_SetOlive_256.lua	- Melting  :  o
GrafX2/data/scripts/dawn/gradients/pal_db_SetOlive_256.lua	- Melted  

GrafX2/data/scripts/dawn/gradients/pal_db_SetPaleRider_256.lua	- Melting  :  .
GrafX2/data/scripts/dawn/gradients/pal_db_SetPaleRider_256.lua	- Melting  :  o
GrafX2/data/scripts/dawn/gradients/pal_db_SetPaleRider_256.lua	- Melted  

GrafX2/data/scripts/dawn/gradients/pal_db_SetPinkGold_256.lua	- Melting  :  .
GrafX2/data/scripts/dawn/gradients/pal_db_SetPinkGold_256.lua	- Melting  :  o
GrafX2/data/scripts/dawn/gradients/pal_db_SetPinkGold_256.lua	- Melted  

GrafX2/data/scripts/dawn/gradients/pal_db_SetPurpleBeige_256.lua	- Melting  :  .
GrafX2/data/scripts/dawn/gradients/pal_db_SetPurpleBeige_256.lua	- Melting  :  o
GrafX2/data/scripts/dawn/gradients/pal_db_SetPurpleBeige_256.lua	- Melted  

GrafX2/data/scripts/dawn/gradients/pal_db_SetRainbow_256.lua	- Melting  :  .
GrafX2/data/scripts/dawn/gradients/pal_db_SetRainbow_256.lua	- Melting  :  o
GrafX2/data/scripts/dawn/gradients/pal_db_SetRainbow_256.lua	- Melted  

GrafX2/data/scripts/dawn/gradients/pal_db_SetRust_256.lua	- Melting  :  .
GrafX2/data/scripts/dawn/gradients/pal_db_SetRust_256.lua	- Melting  :  o
GrafX2/data/scripts/dawn/gradients/pal_db_SetRust_256.lua	- Melted  

GrafX2/data/scripts/dawn/gradients/pal_db_SetSteelblue_256.lua	- Melting  :  .
GrafX2/data/scripts/dawn/gradients/pal_db_SetSteelblue_256.lua	- Melting  :  o
GrafX2/data/scripts/dawn/gradients/pal_db_SetSteelblue_256.lua	- Melted  

GrafX2/data/scripts/dawn/gradients/pal_db_SetTaupe_256.lua	- Melting  :  .
GrafX2/data/scripts/dawn/gradients/pal_db_SetTaupe_256.lua	- Melting  :  o
GrafX2/data/scripts/dawn/gradients/pal_db_SetTaupe_256.lua	- Melted  

GrafX2/data/scripts/dawn/gradients/pal_db_SetWatermelon_256.lua	- Melting  :  .
GrafX2/data/scripts/dawn/gradients/pal_db_SetWatermelon_256.lua	- Melting  :  o
GrafX2/data/scripts/dawn/gradients/pal_db_SetWatermelon_256.lua	- Melted  

GrafX2/data/scripts/dawn/gradients/pal_db_SetXray_256.lua	- Melting  :  .
GrafX2/data/scripts/dawn/gradients/pal_db_SetXray_256.lua	- Melting  :  o
GrafX2/data/scripts/dawn/gradients/pal_db_SetXray_256.lua	- Melted  

GrafX2/data/scripts/dawn/gradients/pic_db_DrawGradient.lua	- Melting  :  .
GrafX2/data/scripts/dawn/gradients/pic_db_DrawGradient.lua	- Melting  :  o
GrafX2/data/scripts/dawn/gradients/pic_db_DrawGradient.lua	- Melted  

GrafX2/data/scripts/dawn/gradients/pic_db_GradientAnalyze.lua	- Melting  :  .
GrafX2/data/scripts/dawn/gradients/pic_db_GradientAnalyze.lua	- Melting  :  o
GrafX2/data/scripts/dawn/gradients/pic_db_GradientAnalyze.lua	- Melted  

GrafX2/data/scripts/dawn/gradients/pic_db_OrderedGradientsLinear.lua	- Melting  :  .
GrafX2/data/scripts/dawn/gradients/pic_db_OrderedGradientsLinear.lua	- Melting  :  o
GrafX2/data/scripts/dawn/gradients/pic_db_OrderedGradientsLinear.lua	- Melted  

GrafX2/data/scripts/dawn/gradients/pic_db_OrderedGradientsRadial.lua	- Melting  :  .
GrafX2/data/scripts/dawn/gradients/pic_db_OrderedGradientsRadial.lua	- Melting  :  o
GrafX2/data/scripts/dawn/gradients/pic_db_OrderedGradientsRadial.lua	- Melted  

GrafX2/data/scripts/dawn/gradients/pics/azuresky.png	- Melting  :  .
GrafX2/data/scripts/dawn/gradients/pics/azuresky.png	- Melting  :  o
GrafX2/data/scripts/dawn/gradients/pics/azuresky.png	- Melted  

GrafX2/data/scripts/dawn/gradients/pics/bluesepia.png	- Melting  :  .
GrafX2/data/scripts/dawn/gradients/pics/bluesepia.png	- Melting  :  o
GrafX2/data/scripts/dawn/gradients/pics/bluesepia.png	- Melted  

GrafX2/data/scripts/dawn/gradients/pics/bluesky.png	- Melting  :  .
GrafX2/data/scripts/dawn/gradients/pics/bluesky.png	- Melting  :  o
GrafX2/data/scripts/dawn/gradients/pics/bluesky.png	- Melted  

GrafX2/data/scripts/dawn/gradients/pics/dawn.png	- Melting  :  .
GrafX2/data/scripts/dawn/gradients/pics/dawn.png	- Melting  :  o
GrafX2/data/scripts/dawn/gradients/pics/dawn.png	- Melted  

GrafX2/data/scripts/dawn/gradients/pics/dusk.png	- Melting  :  .
GrafX2/data/scripts/dawn/gradients/pics/dusk.png	- Melting  :  o
GrafX2/data/scripts/dawn/gradients/pics/dusk.png	- Melted  

GrafX2/data/scripts/dawn/gradients/pics/fire.png	- Melting  :  .
GrafX2/data/scripts/dawn/gradients/pics/fire.png	- Melting  :  o
GrafX2/data/scripts/dawn/gradients/pics/fire.png	- Melted  

GrafX2/data/scripts/dawn/gradients/pics/goldblue.png	- Melting  :  .
GrafX2/data/scripts/dawn/gradients/pics/goldblue.png	- Melting  :  o
GrafX2/data/scripts/dawn/gradients/pics/goldblue.png	- Melted  

GrafX2/data/scripts/dawn/gradients/pics/lava.png	- Melting  :  .
GrafX2/data/scripts/dawn/gradients/pics/lava.png	- Melting  :  o
GrafX2/data/scripts/dawn/gradients/pics/lava.png	- Melted  

GrafX2/data/scripts/dawn/gradients/pics/lime.png	- Melting  :  .
GrafX2/data/scripts/dawn/gradients/pics/lime.png	- Melting  :  o
GrafX2/data/scripts/dawn/gradients/pics/lime.png	- Melted  

GrafX2/data/scripts/dawn/gradients/pics/mandel1.png	- Melting  :  .
GrafX2/data/scripts/dawn/gradients/pics/mandel1.png	- Melting  :  o
GrafX2/data/scripts/dawn/gradients/pics/mandel1.png	- Melted  

GrafX2/data/scripts/dawn/gradients/pics/mauve.png	- Melting  :  .
GrafX2/data/scripts/dawn/gradients/pics/mauve.png	- Melting  :  o
GrafX2/data/scripts/dawn/gradients/pics/mauve.png	- Melted  

GrafX2/data/scripts/dawn/gradients/pics/mystery.png	- Melting  :  ..
GrafX2/data/scripts/dawn/gradients/pics/mystery.png	- Melting  :  oo
GrafX2/data/scripts/dawn/gradients/pics/mystery.png	- Melted  

GrafX2/data/scripts/dawn/gradients/pics/olive.png	- Melting  :  .
GrafX2/data/scripts/dawn/gradients/pics/olive.png	- Melting  :  o
GrafX2/data/scripts/dawn/gradients/pics/olive.png	- Melted  

GrafX2/data/scripts/dawn/gradients/pics/palerider.png	- Melting  :  .
GrafX2/data/scripts/dawn/gradients/pics/palerider.png	- Melting  :  o
GrafX2/data/scripts/dawn/gradients/pics/palerider.png	- Melted  

GrafX2/data/scripts/dawn/gradients/pics/pinkgold.png	- Melting  :  .
GrafX2/data/scripts/dawn/gradients/pics/pinkgold.png	- Melting  :  o
GrafX2/data/scripts/dawn/gradients/pics/pinkgold.png	- Melted  

GrafX2/data/scripts/dawn/gradients/pics/redcyan.png	- Melting  :  .
GrafX2/data/scripts/dawn/gradients/pics/redcyan.png	- Melting  :  o
GrafX2/data/scripts/dawn/gradients/pics/redcyan.png	- Melted  

GrafX2/data/scripts/dawn/gradients/pics/rust.png	- Melting  :  .
GrafX2/data/scripts/dawn/gradients/pics/rust.png	- Melting  :  o
GrafX2/data/scripts/dawn/gradients/pics/rust.png	- Melted  

GrafX2/data/scripts/dawn/gradients/pics/steelblue.png	- Melting  :  .
GrafX2/data/scripts/dawn/gradients/pics/steelblue.png	- Melting  :  o
GrafX2/data/scripts/dawn/gradients/pics/steelblue.png	- Melted  

GrafX2/data/scripts/dawn/gradients/pics/sunset.png	- Melting  :  .
GrafX2/data/scripts/dawn/gradients/pics/sunset.png	- Melting  :  o
GrafX2/data/scripts/dawn/gradients/pics/sunset.png	- Melted  

GrafX2/data/scripts/dawn/gradients/pics/taupe.png	- Melting  :  .
GrafX2/data/scripts/dawn/gradients/pics/taupe.png	- Melting  :  o
GrafX2/data/scripts/dawn/gradients/pics/taupe.png	- Melted  

GrafX2/data/scripts/dawn/gradients/pics/watermelon.png	- Melting  :  .
GrafX2/data/scripts/dawn/gradients/pics/watermelon.png	- Melting  :  o
GrafX2/data/scripts/dawn/gradients/pics/watermelon.png	- Melted  

GrafX2/data/scripts/dawn/gradients/pics/xray.png	- Melting  :  .
GrafX2/data/scripts/dawn/gradients/pics/xray.png	- Melting  :  o
GrafX2/data/scripts/dawn/gradients/pics/xray.png	- Melted  

GrafX2/data/scripts/dawn/key/ReadMe.txt	- Melting  :  .
GrafX2/data/scripts/dawn/key/ReadMe.txt	- Melting  :  o
GrafX2/data/scripts/dawn/key/ReadMe.txt	- Melted  

GrafX2/data/scripts/dawn/key/bru_db_ColorAreaGrab.lua	- Melting  :  .
GrafX2/data/scripts/dawn/key/bru_db_ColorAreaGrab.lua	- Melting  :  o
GrafX2/data/scripts/dawn/key/bru_db_ColorAreaGrab.lua	- Melted  

GrafX2/data/scripts/dawn/key/bru_db_MagicBrushGrab.lua	- Melting  :  .
GrafX2/data/scripts/dawn/key/bru_db_MagicBrushGrab.lua	- Melting  :  o
GrafX2/data/scripts/dawn/key/bru_db_MagicBrushGrab.lua	- Melted  

GrafX2/data/scripts/dawn/key/bru_db_MagicBrushGrab_remove.lua	- Melting  :  .
GrafX2/data/scripts/dawn/key/bru_db_MagicBrushGrab_remove.lua	- Melting  :  o
GrafX2/data/scripts/dawn/key/bru_db_MagicBrushGrab_remove.lua	- Melted  

GrafX2/data/scripts/dawn/key/col_db_FindColorBRIGHT92.lua	- Melting  :  .
GrafX2/data/scripts/dawn/key/col_db_FindColorBRIGHT92.lua	- Melting  :  o
GrafX2/data/scripts/dawn/key/col_db_FindColorBRIGHT92.lua	- Melted  

GrafX2/data/scripts/dawn/key/col_db_FindColorDARK92.lua	- Melting  :  .
GrafX2/data/scripts/dawn/key/col_db_FindColorDARK92.lua	- Melting  :  o
GrafX2/data/scripts/dawn/key/col_db_FindColorDARK92.lua	- Melted  

GrafX2/data/scripts/dawn/key/pic_db_checkDitherPencolor.lua	- Melting  :  .
GrafX2/data/scripts/dawn/key/pic_db_checkDitherPencolor.lua	- Melting  :  o
GrafX2/data/scripts/dawn/key/pic_db_checkDitherPencolor.lua	- Melted  

GrafX2/data/scripts/dawn/key/pic_db_floodDither.lua	- Melting  :  .
GrafX2/data/scripts/dawn/key/pic_db_floodDither.lua	- Melting  :  o
GrafX2/data/scripts/dawn/key/pic_db_floodDither.lua	- Melted  

GrafX2/data/scripts/dawn/key/pic_db_floodInline.lua	- Melting  :  .
GrafX2/data/scripts/dawn/key/pic_db_floodInline.lua	- Melting  :  o
GrafX2/data/scripts/dawn/key/pic_db_floodInline.lua	- Melted  

GrafX2/data/scripts/dawn/landscaper/_scenes.lua	- Melting  :  ....
GrafX2/data/scripts/dawn/landscaper/_scenes.lua	- Melting  :  oooo
GrafX2/data/scripts/dawn/landscaper/_scenes.lua	- Melted  

GrafX2/data/scripts/dawn/landscaper/scn_db_Landscaper.lua	- Melting  :  .
GrafX2/data/scripts/dawn/landscaper/scn_db_Landscaper.lua	- Melting  :  o
GrafX2/data/scripts/dawn/landscaper/scn_db_Landscaper.lua	- Melted  

GrafX2/data/scripts/dawn/landscaper/zReadMe.txt	- Melting  :  .
GrafX2/data/scripts/dawn/landscaper/zReadMe.txt	- Melting  :  o
GrafX2/data/scripts/dawn/landscaper/zReadMe.txt	- Melted  

GrafX2/data/scripts/dawn/libs/ReadMe.txt	- Melting  :  .
GrafX2/data/scripts/dawn/libs/ReadMe.txt	- Melting  :  o
GrafX2/data/scripts/dawn/libs/ReadMe.txt	- Melted  

GrafX2/data/scripts/dawn/libs/dawnbringer_lib.lua	- Melting  :  .........
GrafX2/data/scripts/dawn/libs/dawnbringer_lib.lua	- Melting  :  ooooooooo
GrafX2/data/scripts/dawn/libs/dawnbringer_lib.lua	- Melted  

GrafX2/data/scripts/dawn/libs/db_4dither.lua	- Melting  :  ......
GrafX2/data/scripts/dawn/libs/db_4dither.lua	- Melting  :  oooooo
GrafX2/data/scripts/dawn/libs/db_4dither.lua	- Melted  

GrafX2/data/scripts/dawn/libs/db_alpha.lua	- Melting  :  .
GrafX2/data/scripts/dawn/libs/db_alpha.lua	- Melting  :  o
GrafX2/data/scripts/dawn/libs/db_alpha.lua	- Melted  

GrafX2/data/scripts/dawn/libs/db_blender.lua	- Melting  :  ..
GrafX2/data/scripts/dawn/libs/db_blender.lua	- Melting  :  oo
GrafX2/data/scripts/dawn/libs/db_blender.lua	- Melted  

GrafX2/data/scripts/dawn/libs/db_curves.lua	- Melting  :  .
GrafX2/data/scripts/dawn/libs/db_curves.lua	- Melting  :  o
GrafX2/data/scripts/dawn/libs/db_curves.lua	- Melted  

GrafX2/data/scripts/dawn/libs/db_drawbuffer.lua	- Melting  :  ...
GrafX2/data/scripts/dawn/libs/db_drawbuffer.lua	- Melting  :  ooo
GrafX2/data/scripts/dawn/libs/db_drawbuffer.lua	- Melted  

GrafX2/data/scripts/dawn/libs/db_interactivity.lua	- Melting  :  .
GrafX2/data/scripts/dawn/libs/db_interactivity.lua	- Melting  :  o
GrafX2/data/scripts/dawn/libs/db_interactivity.lua	- Melted  

GrafX2/data/scripts/dawn/libs/db_interpolation.lua	- Melting  :  ..
GrafX2/data/scripts/dawn/libs/db_interpolation.lua	- Melting  :  oo
GrafX2/data/scripts/dawn/libs/db_interpolation.lua	- Melted  

GrafX2/data/scripts/dawn/libs/db_noise.lua	- Melting  :  .
GrafX2/data/scripts/dawn/libs/db_noise.lua	- Melting  :  o
GrafX2/data/scripts/dawn/libs/db_noise.lua	- Melted  

GrafX2/data/scripts/dawn/libs/db_perlin.lua	- Melting  :  ...
GrafX2/data/scripts/dawn/libs/db_perlin.lua	- Melting  :  ooo
GrafX2/data/scripts/dawn/libs/db_perlin.lua	- Melted  

GrafX2/data/scripts/dawn/libs/db_text.lua	- Melting  :  ..
GrafX2/data/scripts/dawn/libs/db_text.lua	- Melting  :  oo
GrafX2/data/scripts/dawn/libs/db_text.lua	- Melted  

GrafX2/data/scripts/dawn/libs/db_voronoi.lua	- Melting  :  ....
GrafX2/data/scripts/dawn/libs/db_voronoi.lua	- Melting  :  oooo
GrafX2/data/scripts/dawn/libs/db_voronoi.lua	- Melted  

GrafX2/data/scripts/dawn/libs/memory.lua	- Melting  :  .
GrafX2/data/scripts/dawn/libs/memory.lua	- Melting  :  o
GrafX2/data/scripts/dawn/libs/memory.lua	- Melted  

GrafX2/data/scripts/dawn/palettes/ReadMe.txt	- Melting  :  .
GrafX2/data/scripts/dawn/palettes/ReadMe.txt	- Melting  :  o
GrafX2/data/scripts/dawn/palettes/ReadMe.txt	- Melted  

GrafX2/data/scripts/dawn/palettes/pfunc_pal_Aurora11.lua	- Melting  :  .
GrafX2/data/scripts/dawn/palettes/pfunc_pal_Aurora11.lua	- Melting  :  o
GrafX2/data/scripts/dawn/palettes/pfunc_pal_Aurora11.lua	- Melted  

GrafX2/data/scripts/dawn/palettes/pfunc_pal_DB-ISO22.lua	- Melting  :  .
GrafX2/data/scripts/dawn/palettes/pfunc_pal_DB-ISO22.lua	- Melting  :  o
GrafX2/data/scripts/dawn/palettes/pfunc_pal_DB-ISO22.lua	- Melted  

GrafX2/data/scripts/dawn/palettes/pfunc_pal_DB-Iso-ology.lua	- Melting  :  .
GrafX2/data/scripts/dawn/palettes/pfunc_pal_DB-Iso-ology.lua	- Melting  :  o
GrafX2/data/scripts/dawn/palettes/pfunc_pal_DB-Iso-ology.lua	- Melted  

GrafX2/data/scripts/dawn/palettes/pfunc_pal_DB16.lua	- Melting  :  .
GrafX2/data/scripts/dawn/palettes/pfunc_pal_DB16.lua	- Melting  :  o
GrafX2/data/scripts/dawn/palettes/pfunc_pal_DB16.lua	- Melted  

GrafX2/data/scripts/dawn/palettes/pfunc_pal_DB32.lua	- Melting  :  .
GrafX2/data/scripts/dawn/palettes/pfunc_pal_DB32.lua	- Melting  :  o
GrafX2/data/scripts/dawn/palettes/pfunc_pal_DB32.lua	- Melted  

GrafX2/data/scripts/dawn/palettes/pfunc_pal_DB8.lua	- Melting  :  .
GrafX2/data/scripts/dawn/palettes/pfunc_pal_DB8.lua	- Melting  :  o
GrafX2/data/scripts/dawn/palettes/pfunc_pal_DB8.lua	- Melted  

GrafX2/data/scripts/dawn/palettes/pfunc_pal_FUN16.lua	- Melting  :  .
GrafX2/data/scripts/dawn/palettes/pfunc_pal_FUN16.lua	- Melting  :  o
GrafX2/data/scripts/dawn/palettes/pfunc_pal_FUN16.lua	- Melted  

GrafX2/data/scripts/dawn/pfunctions/ReadMe.txt	- Melting  :  .
GrafX2/data/scripts/dawn/pfunctions/ReadMe.txt	- Melting  :  o
GrafX2/data/scripts/dawn/pfunctions/ReadMe.txt	- Melted  

GrafX2/data/scripts/dawn/pfunctions/pfunc_AlphaCurve.lua	- Melting  :  .
GrafX2/data/scripts/dawn/pfunctions/pfunc_AlphaCurve.lua	- Melting  :  o
GrafX2/data/scripts/dawn/pfunctions/pfunc_AlphaCurve.lua	- Melted  

GrafX2/data/scripts/dawn/pfunctions/pfunc_CloudFractal.lua	- Melting  :  .
GrafX2/data/scripts/dawn/pfunctions/pfunc_CloudFractal.lua	- Melting  :  o
GrafX2/data/scripts/dawn/pfunctions/pfunc_CloudFractal.lua	- Melted  

GrafX2/data/scripts/dawn/pfunctions/pfunc_DawnColors.lua	- Melting  :  .
GrafX2/data/scripts/dawn/pfunctions/pfunc_DawnColors.lua	- Melting  :  o
GrafX2/data/scripts/dawn/pfunctions/pfunc_DawnColors.lua	- Melted  

GrafX2/data/scripts/dawn/pfunctions/pfunc_DoRotation.lua	- Melting  :  .
GrafX2/data/scripts/dawn/pfunctions/pfunc_DoRotation.lua	- Melting  :  o
GrafX2/data/scripts/dawn/pfunctions/pfunc_DoRotation.lua	- Melted  

GrafX2/data/scripts/dawn/pfunctions/pfunc_HomingMissiles.lua	- Melting  :  ..
GrafX2/data/scripts/dawn/pfunctions/pfunc_HomingMissiles.lua	- Melting  :  oo
GrafX2/data/scripts/dawn/pfunctions/pfunc_HomingMissiles.lua	- Melted  

GrafX2/data/scripts/dawn/pfunctions/pfunc_Lsystem.lua	- Melting  :  ..
GrafX2/data/scripts/dawn/pfunctions/pfunc_Lsystem.lua	- Melting  :  oo
GrafX2/data/scripts/dawn/pfunctions/pfunc_Lsystem.lua	- Melted  

GrafX2/data/scripts/dawn/scripts/_DBTOOLBOX.lua	- Melting  :  ....
GrafX2/data/scripts/dawn/scripts/_DBTOOLBOX.lua	- Melting  :  oooo
GrafX2/data/scripts/dawn/scripts/_DBTOOLBOX.lua	- Melted  

GrafX2/data/scripts/dawn/scripts/ani_db_3DPalette.lua	- Melting  :  ..
GrafX2/data/scripts/dawn/scripts/ani_db_3DPalette.lua	- Melting  :  oo
GrafX2/data/scripts/dawn/scripts/ani_db_3DPalette.lua	- Melted  

GrafX2/data/scripts/dawn/scripts/ani_db_3Dsphere5_correct.lua	- Melting  :  .
GrafX2/data/scripts/dawn/scripts/ani_db_3Dsphere5_correct.lua	- Melting  :  o
GrafX2/data/scripts/dawn/scripts/ani_db_3Dsphere5_correct.lua	- Melted  

GrafX2/data/scripts/dawn/scripts/ani_db_EllipseDemo.lua	- Melting  :  .
GrafX2/data/scripts/dawn/scripts/ani_db_EllipseDemo.lua	- Melting  :  o
GrafX2/data/scripts/dawn/scripts/ani_db_EllipseDemo.lua	- Melted  

GrafX2/data/scripts/dawn/scripts/ani_db_FractalTree.lua	- Melting  :  .
GrafX2/data/scripts/dawn/scripts/ani_db_FractalTree.lua	- Melting  :  o
GrafX2/data/scripts/dawn/scripts/ani_db_FractalTree.lua	- Melted  

GrafX2/data/scripts/dawn/scripts/ani_db_HomingMissiles.lua	- Melting  :  .
GrafX2/data/scripts/dawn/scripts/ani_db_HomingMissiles.lua	- Melting  :  o
GrafX2/data/scripts/dawn/scripts/ani_db_HomingMissiles.lua	- Melted  

GrafX2/data/scripts/dawn/scripts/ani_db_IsoTrain.lua	- Melting  :  .
GrafX2/data/scripts/dawn/scripts/ani_db_IsoTrain.lua	- Melting  :  o
GrafX2/data/scripts/dawn/scripts/ani_db_IsoTrain.lua	- Melted  

GrafX2/data/scripts/dawn/scripts/ani_db_Numy06avg.lua	- Melting  :  ..
GrafX2/data/scripts/dawn/scripts/ani_db_Numy06avg.lua	- Melting  :  oo
GrafX2/data/scripts/dawn/scripts/ani_db_Numy06avg.lua	- Melted  

GrafX2/data/scripts/dawn/scripts/ani_db_ObliquePal.lua	- Melting  :  .
GrafX2/data/scripts/dawn/scripts/ani_db_ObliquePal.lua	- Melting  :  o
GrafX2/data/scripts/dawn/scripts/ani_db_ObliquePal.lua	- Melted  

GrafX2/data/scripts/dawn/scripts/ani_db_ObliqueSpongeRec.lua	- Melting  :  .
GrafX2/data/scripts/dawn/scripts/ani_db_ObliqueSpongeRec.lua	- Melting  :  o
GrafX2/data/scripts/dawn/scripts/ani_db_ObliqueSpongeRec.lua	- Melted  

GrafX2/data/scripts/dawn/scripts/ani_db_PaletteOperators.lua	- Melting  :  ..
GrafX2/data/scripts/dawn/scripts/ani_db_PaletteOperators.lua	- Melting  :  oo
GrafX2/data/scripts/dawn/scripts/ani_db_PaletteOperators.lua	- Melted  

GrafX2/data/scripts/dawn/scripts/ani_db_SplineDemo.lua	- Melting  :  .
GrafX2/data/scripts/dawn/scripts/ani_db_SplineDemo.lua	- Melting  :  o
GrafX2/data/scripts/dawn/scripts/ani_db_SplineDemo.lua	- Melted  

GrafX2/data/scripts/dawn/scripts/ani_db_SpriteAnimatorMEM.lua	- Melting  :  .
GrafX2/data/scripts/dawn/scripts/ani_db_SpriteAnimatorMEM.lua	- Melting  :  o
GrafX2/data/scripts/dawn/scripts/ani_db_SpriteAnimatorMEM.lua	- Melted  

GrafX2/data/scripts/dawn/scripts/ani_db_SpriteAnimator_mousetest.lua	- Melting  :  .
GrafX2/data/scripts/dawn/scripts/ani_db_SpriteAnimator_mousetest.lua	- Melting  :  o
GrafX2/data/scripts/dawn/scripts/ani_db_SpriteAnimator_mousetest.lua	- Melted  

GrafX2/data/scripts/dawn/scripts/bru_db_AdvancedScaling.lua	- Melting  :  ...
GrafX2/data/scripts/dawn/scripts/bru_db_AdvancedScaling.lua	- Melting  :  ooo
GrafX2/data/scripts/dawn/scripts/bru_db_AdvancedScaling.lua	- Melted  

GrafX2/data/scripts/dawn/scripts/bru_db_Amigaball.lua	- Melting  :  .
GrafX2/data/scripts/dawn/scripts/bru_db_Amigaball.lua	- Melting  :  o
GrafX2/data/scripts/dawn/scripts/bru_db_Amigaball.lua	- Melted  

GrafX2/data/scripts/dawn/scripts/bru_db_ApplyColor.lua	- Melting  :  .
GrafX2/data/scripts/dawn/scripts/bru_db_ApplyColor.lua	- Melting  :  o
GrafX2/data/scripts/dawn/scripts/bru_db_ApplyColor.lua	- Melted  

GrafX2/data/scripts/dawn/scripts/bru_db_BrushScaleSimple.lua	- Melting  :  .
GrafX2/data/scripts/dawn/scripts/bru_db_BrushScaleSimple.lua	- Melting  :  o
GrafX2/data/scripts/dawn/scripts/bru_db_BrushScaleSimple.lua	- Melted  

GrafX2/data/scripts/dawn/scripts/bru_db_ColorAnalysisMEM.lua	- Melting  :  .
GrafX2/data/scripts/dawn/scripts/bru_db_ColorAnalysisMEM.lua	- Melting  :  o
GrafX2/data/scripts/dawn/scripts/bru_db_ColorAnalysisMEM.lua	- Melted  

GrafX2/data/scripts/dawn/scripts/bru_db_ColorBalance.lua	- Melting  :  .
GrafX2/data/scripts/dawn/scripts/bru_db_ColorBalance.lua	- Melting  :  o
GrafX2/data/scripts/dawn/scripts/bru_db_ColorBalance.lua	- Melted  

GrafX2/data/scripts/dawn/scripts/bru_db_ColorSphere.lua	- Melting  :  .
GrafX2/data/scripts/dawn/scripts/bru_db_ColorSphere.lua	- Melting  :  o
GrafX2/data/scripts/dawn/scripts/bru_db_ColorSphere.lua	- Melted  

GrafX2/data/scripts/dawn/scripts/bru_db_Contrast.lua	- Melting  :  .
GrafX2/data/scripts/dawn/scripts/bru_db_Contrast.lua	- Melting  :  o
GrafX2/data/scripts/dawn/scripts/bru_db_Contrast.lua	- Melted  

GrafX2/data/scripts/dawn/scripts/bru_db_CropMargins.lua	- Melting  :  .
GrafX2/data/scripts/dawn/scripts/bru_db_CropMargins.lua	- Melting  :  o
GrafX2/data/scripts/dawn/scripts/bru_db_CropMargins.lua	- Melted  

GrafX2/data/scripts/dawn/scripts/bru_db_ExtractPenColor.lua	- Melting  :  .
GrafX2/data/scripts/dawn/scripts/bru_db_ExtractPenColor.lua	- Melting  :  o
GrafX2/data/scripts/dawn/scripts/bru_db_ExtractPenColor.lua	- Melted  

GrafX2/data/scripts/dawn/scripts/bru_db_FindAA6.lua	- Melting  :  .
GrafX2/data/scripts/dawn/scripts/bru_db_FindAA6.lua	- Melting  :  o
GrafX2/data/scripts/dawn/scripts/bru_db_FindAA6.lua	- Melted  

GrafX2/data/scripts/dawn/scripts/bru_db_FindClosestColors.lua	- Melting  :  .
GrafX2/data/scripts/dawn/scripts/bru_db_FindClosestColors.lua	- Melting  :  o
GrafX2/data/scripts/dawn/scripts/bru_db_FindClosestColors.lua	- Melted  

GrafX2/data/scripts/dawn/scripts/bru_db_GrayscaleMethods.lua	- Melting  :  .
GrafX2/data/scripts/dawn/scripts/bru_db_GrayscaleMethods.lua	- Melting  :  o
GrafX2/data/scripts/dawn/scripts/bru_db_GrayscaleMethods.lua	- Melted  

GrafX2/data/scripts/dawn/scripts/bru_db_Histogram2Brush.lua	- Melting  :  .
GrafX2/data/scripts/dawn/scripts/bru_db_Histogram2Brush.lua	- Melting  :  o
GrafX2/data/scripts/dawn/scripts/bru_db_Histogram2Brush.lua	- Melted  

GrafX2/data/scripts/dawn/scripts/bru_db_HueLightness.lua	- Melting  :  .
GrafX2/data/scripts/dawn/scripts/bru_db_HueLightness.lua	- Melting  :  o
GrafX2/data/scripts/dawn/scripts/bru_db_HueLightness.lua	- Melted  

GrafX2/data/scripts/dawn/scripts/bru_db_MakeMixColorTable.lua	- Melting  :  .
GrafX2/data/scripts/dawn/scripts/bru_db_MakeMixColorTable.lua	- Melting  :  o
GrafX2/data/scripts/dawn/scripts/bru_db_MakeMixColorTable.lua	- Melted  

GrafX2/data/scripts/dawn/scripts/bru_db_MandelbrotMEM.lua	- Melting  :  .
GrafX2/data/scripts/dawn/scripts/bru_db_MandelbrotMEM.lua	- Melting  :  o
GrafX2/data/scripts/dawn/scripts/bru_db_MandelbrotMEM.lua	- Melted  

GrafX2/data/scripts/dawn/scripts/bru_db_Negative.lua	- Melting  :  .
GrafX2/data/scripts/dawn/scripts/bru_db_Negative.lua	- Melting  :  o
GrafX2/data/scripts/dawn/scripts/bru_db_Negative.lua	- Melted  

GrafX2/data/scripts/dawn/scripts/bru_db_Palette2Brush.lua	- Melting  :  .
GrafX2/data/scripts/dawn/scripts/bru_db_Palette2Brush.lua	- Melting  :  o
GrafX2/data/scripts/dawn/scripts/bru_db_Palette2Brush.lua	- Melted  

GrafX2/data/scripts/dawn/scripts/bru_db_Picture2Brush.lua	- Melting  :  .
GrafX2/data/scripts/dawn/scripts/bru_db_Picture2Brush.lua	- Melting  :  o
GrafX2/data/scripts/dawn/scripts/bru_db_Picture2Brush.lua	- Melted  

GrafX2/data/scripts/dawn/scripts/bru_db_ScaleBicubic.lua	- Melting  :  .
GrafX2/data/scripts/dawn/scripts/bru_db_ScaleBicubic.lua	- Melting  :  o
GrafX2/data/scripts/dawn/scripts/bru_db_ScaleBicubic.lua	- Melted  

GrafX2/data/scripts/dawn/scripts/bru_db_SmartOutline.lua	- Melting  :  .
GrafX2/data/scripts/dawn/scripts/bru_db_SmartOutline.lua	- Melting  :  o
GrafX2/data/scripts/dawn/scripts/bru_db_SmartOutline.lua	- Melted  

GrafX2/data/scripts/dawn/scripts/bru_db_SuperSaturation.lua	- Melting  :  .
GrafX2/data/scripts/dawn/scripts/bru_db_SuperSaturation.lua	- Melting  :  o
GrafX2/data/scripts/dawn/scripts/bru_db_SuperSaturation.lua	- Melted  

GrafX2/data/scripts/dawn/scripts/bru_db_Trim.lua	- Melting  :  .
GrafX2/data/scripts/dawn/scripts/bru_db_Trim.lua	- Melting  :  o
GrafX2/data/scripts/dawn/scripts/bru_db_Trim.lua	- Melted  

GrafX2/data/scripts/dawn/scripts/bru_yr_Scale2x.lua	- Melting  :  .
GrafX2/data/scripts/dawn/scripts/bru_yr_Scale2x.lua	- Melting  :  o
GrafX2/data/scripts/dawn/scripts/bru_yr_Scale2x.lua	- Melted  

GrafX2/data/scripts/dawn/scripts/col_db_ColorBalance.lua	- Melting  :  .
GrafX2/data/scripts/dawn/scripts/col_db_ColorBalance.lua	- Melting  :  o
GrafX2/data/scripts/dawn/scripts/col_db_ColorBalance.lua	- Melted  

GrafX2/data/scripts/dawn/scripts/col_db_FindAA.lua	- Melting  :  .
GrafX2/data/scripts/dawn/scripts/col_db_FindAA.lua	- Melting  :  o
GrafX2/data/scripts/dawn/scripts/col_db_FindAA.lua	- Melted  

GrafX2/data/scripts/dawn/scripts/col_db_FindBestMatch.lua	- Melting  :  .
GrafX2/data/scripts/dawn/scripts/col_db_FindBestMatch.lua	- Melting  :  o
GrafX2/data/scripts/dawn/scripts/col_db_FindBestMatch.lua	- Melted  

GrafX2/data/scripts/dawn/scripts/col_db_FindColor.lua	- Melting  :  .
GrafX2/data/scripts/dawn/scripts/col_db_FindColor.lua	- Melting  :  o
GrafX2/data/scripts/dawn/scripts/col_db_FindColor.lua	- Melted  

GrafX2/data/scripts/dawn/scripts/col_db_FindComplementaryColor.lua	- Melting  :  .
GrafX2/data/scripts/dawn/scripts/col_db_FindComplementaryColor.lua	- Melting  :  o
GrafX2/data/scripts/dawn/scripts/col_db_FindComplementaryColor.lua	- Melted  

GrafX2/data/scripts/dawn/scripts/inf_db_BrushInfo.lua	- Melting  :  .
GrafX2/data/scripts/dawn/scripts/inf_db_BrushInfo.lua	- Melting  :  o
GrafX2/data/scripts/dawn/scripts/inf_db_BrushInfo.lua	- Melted  

GrafX2/data/scripts/dawn/scripts/inf_db_ColorInfo.lua	- Melting  :  .
GrafX2/data/scripts/dawn/scripts/inf_db_ColorInfo.lua	- Melting  :  o
GrafX2/data/scripts/dawn/scripts/inf_db_ColorInfo.lua	- Melted  

GrafX2/data/scripts/dawn/scripts/inf_db_CompareColors.lua	- Melting  :  .
GrafX2/data/scripts/dawn/scripts/inf_db_CompareColors.lua	- Melting  :  o
GrafX2/data/scripts/dawn/scripts/inf_db_CompareColors.lua	- Melted  

GrafX2/data/scripts/dawn/scripts/inf_db_ImageStats.lua	- Melting  :  .
GrafX2/data/scripts/dawn/scripts/inf_db_ImageStats.lua	- Melting  :  o
GrafX2/data/scripts/dawn/scripts/inf_db_ImageStats.lua	- Melted  

GrafX2/data/scripts/dawn/scripts/inf_db_PaletteStats.lua	- Melting  :  .
GrafX2/data/scripts/dawn/scripts/inf_db_PaletteStats.lua	- Melting  :  o
GrafX2/data/scripts/dawn/scripts/inf_db_PaletteStats.lua	- Melted  

GrafX2/data/scripts/dawn/scripts/inf_db_PenColsInfo.lua	- Melting  :  .
GrafX2/data/scripts/dawn/scripts/inf_db_PenColsInfo.lua	- Melting  :  o
GrafX2/data/scripts/dawn/scripts/inf_db_PenColsInfo.lua	- Melted  

GrafX2/data/scripts/dawn/scripts/pal_db_ApplyColor.lua	- Melting  :  .
GrafX2/data/scripts/dawn/scripts/pal_db_ApplyColor.lua	- Melting  :  o
GrafX2/data/scripts/dawn/scripts/pal_db_ApplyColor.lua	- Melted  

GrafX2/data/scripts/dawn/scripts/pal_db_ApplyRamp.lua	- Melting  :  .
GrafX2/data/scripts/dawn/scripts/pal_db_ApplyRamp.lua	- Melting  :  o
GrafX2/data/scripts/dawn/scripts/pal_db_ApplyRamp.lua	- Melted  

GrafX2/data/scripts/dawn/scripts/pal_db_ApplySparePal.lua	- Melting  :  .
GrafX2/data/scripts/dawn/scripts/pal_db_ApplySparePal.lua	- Melting  :  o
GrafX2/data/scripts/dawn/scripts/pal_db_ApplySparePal.lua	- Melted  

GrafX2/data/scripts/dawn/scripts/pal_db_AssignPalette.lua	- Melting  :  .
GrafX2/data/scripts/dawn/scripts/pal_db_AssignPalette.lua	- Melting  :  o
GrafX2/data/scripts/dawn/scripts/pal_db_AssignPalette.lua	- Melted  

GrafX2/data/scripts/dawn/scripts/pal_db_BriNatural.lua	- Melting  :  .
GrafX2/data/scripts/dawn/scripts/pal_db_BriNatural.lua	- Melting  :  o
GrafX2/data/scripts/dawn/scripts/pal_db_BriNatural.lua	- Melted  

GrafX2/data/scripts/dawn/scripts/pal_db_ColorBalance.lua	- Melting  :  .
GrafX2/data/scripts/dawn/scripts/pal_db_ColorBalance.lua	- Melting  :  o
GrafX2/data/scripts/dawn/scripts/pal_db_ColorBalance.lua	- Melted  

GrafX2/data/scripts/dawn/scripts/pal_db_ColorCigarr.lua	- Melting  :  .
GrafX2/data/scripts/dawn/scripts/pal_db_ColorCigarr.lua	- Melting  :  o
GrafX2/data/scripts/dawn/scripts/pal_db_ColorCigarr.lua	- Melted  

GrafX2/data/scripts/dawn/scripts/pal_db_ComplementaryPalette.lua	- Melting  :  .
GrafX2/data/scripts/dawn/scripts/pal_db_ComplementaryPalette.lua	- Melting  :  o
GrafX2/data/scripts/dawn/scripts/pal_db_ComplementaryPalette.lua	- Melted  

GrafX2/data/scripts/dawn/scripts/pal_db_Contrast.lua	- Melting  :  .
GrafX2/data/scripts/dawn/scripts/pal_db_Contrast.lua	- Melting  :  o
GrafX2/data/scripts/dawn/scripts/pal_db_Contrast.lua	- Melted  

GrafX2/data/scripts/dawn/scripts/pal_db_CurveRamps.lua	- Melting  :  .
GrafX2/data/scripts/dawn/scripts/pal_db_CurveRamps.lua	- Melting  :  o
GrafX2/data/scripts/dawn/scripts/pal_db_CurveRamps.lua	- Melted  

GrafX2/data/scripts/dawn/scripts/pal_db_CustomRGBlevels.lua	- Melting  :  .
GrafX2/data/scripts/dawn/scripts/pal_db_CustomRGBlevels.lua	- Melting  :  o
GrafX2/data/scripts/dawn/scripts/pal_db_CustomRGBlevels.lua	- Melted  

GrafX2/data/scripts/dawn/scripts/pal_db_DistortPalette.lua	- Melting  :  .
GrafX2/data/scripts/dawn/scripts/pal_db_DistortPalette.lua	- Melting  :  o
GrafX2/data/scripts/dawn/scripts/pal_db_DistortPalette.lua	- Melted  

GrafX2/data/scripts/dawn/scripts/pal_db_ExpandColors2.lua	- Melting  :  .
GrafX2/data/scripts/dawn/scripts/pal_db_ExpandColors2.lua	- Melting  :  o
GrafX2/data/scripts/dawn/scripts/pal_db_ExpandColors2.lua	- Melted  

GrafX2/data/scripts/dawn/scripts/pal_db_Fade.lua	- Melting  :  .
GrafX2/data/scripts/dawn/scripts/pal_db_Fade.lua	- Melting  :  o
GrafX2/data/scripts/dawn/scripts/pal_db_Fade.lua	- Melted  

GrafX2/data/scripts/dawn/scripts/pal_db_FillColorCube3.lua	- Melting  :  .
GrafX2/data/scripts/dawn/scripts/pal_db_FillColorCube3.lua	- Melting  :  o
GrafX2/data/scripts/dawn/scripts/pal_db_FillColorCube3.lua	- Melted  

GrafX2/data/scripts/dawn/scripts/pal_db_GammaAdjust.lua	- Melting  :  .
GrafX2/data/scripts/dawn/scripts/pal_db_GammaAdjust.lua	- Melting  :  o
GrafX2/data/scripts/dawn/scripts/pal_db_GammaAdjust.lua	- Melted  

GrafX2/data/scripts/dawn/scripts/pal_db_GrayscaleMethods.lua	- Melting  :  .
GrafX2/data/scripts/dawn/scripts/pal_db_GrayscaleMethods.lua	- Melting  :  o
GrafX2/data/scripts/dawn/scripts/pal_db_GrayscaleMethods.lua	- Melted  

GrafX2/data/scripts/dawn/scripts/pal_db_HueLightness.lua	- Melting  :  .
GrafX2/data/scripts/dawn/scripts/pal_db_HueLightness.lua	- Melting  :  o
GrafX2/data/scripts/dawn/scripts/pal_db_HueLightness.lua	- Melted  

GrafX2/data/scripts/dawn/scripts/pal_db_Multiply.lua	- Melting  :  .
GrafX2/data/scripts/dawn/scripts/pal_db_Multiply.lua	- Melting  :  o
GrafX2/data/scripts/dawn/scripts/pal_db_Multiply.lua	- Melted  

GrafX2/data/scripts/dawn/scripts/pal_db_Posterize.lua	- Melting  :  .
GrafX2/data/scripts/dawn/scripts/pal_db_Posterize.lua	- Melting  :  o
GrafX2/data/scripts/dawn/scripts/pal_db_Posterize.lua	- Melted  

GrafX2/data/scripts/dawn/scripts/pal_db_RandomPalette.lua	- Melting  :  .
GrafX2/data/scripts/dawn/scripts/pal_db_RandomPalette.lua	- Melting  :  o
GrafX2/data/scripts/dawn/scripts/pal_db_RandomPalette.lua	- Melted  

GrafX2/data/scripts/dawn/scripts/pal_db_SetC64Palette.lua	- Melting  :  .
GrafX2/data/scripts/dawn/scripts/pal_db_SetC64Palette.lua	- Melting  :  o
GrafX2/data/scripts/dawn/scripts/pal_db_SetC64Palette.lua	- Melted  

GrafX2/data/scripts/dawn/scripts/pal_db_SetColorSpaces.lua	- Melting  :  .
GrafX2/data/scripts/dawn/scripts/pal_db_SetColorSpaces.lua	- Melting  :  o
GrafX2/data/scripts/dawn/scripts/pal_db_SetColorSpaces.lua	- Melted  

GrafX2/data/scripts/dawn/scripts/pal_db_SetCustomPalettes.lua	- Melting  :  .
GrafX2/data/scripts/dawn/scripts/pal_db_SetCustomPalettes.lua	- Melting  :  o
GrafX2/data/scripts/dawn/scripts/pal_db_SetCustomPalettes.lua	- Melted  

GrafX2/data/scripts/dawn/scripts/pal_db_SetDBpalettes.lua	- Melting  :  .
GrafX2/data/scripts/dawn/scripts/pal_db_SetDBpalettes.lua	- Melting  :  o
GrafX2/data/scripts/dawn/scripts/pal_db_SetDBpalettes.lua	- Melted  

GrafX2/data/scripts/dawn/scripts/pal_db_SetHardwarePalettes.lua	- Melting  :  .
GrafX2/data/scripts/dawn/scripts/pal_db_SetHardwarePalettes.lua	- Melting  :  o
GrafX2/data/scripts/dawn/scripts/pal_db_SetHardwarePalettes.lua	- Melted  

GrafX2/data/scripts/dawn/scripts/pal_db_SetRGBlevels.lua	- Melting  :  .
GrafX2/data/scripts/dawn/scripts/pal_db_SetRGBlevels.lua	- Melting  :  o
GrafX2/data/scripts/dawn/scripts/pal_db_SetRGBlevels.lua	- Melted  

GrafX2/data/scripts/dawn/scripts/pal_db_SetRGBscale.lua	- Melting  :  .
GrafX2/data/scripts/dawn/scripts/pal_db_SetRGBscale.lua	- Melting  :  o
GrafX2/data/scripts/dawn/scripts/pal_db_SetRGBscale.lua	- Melted  

GrafX2/data/scripts/dawn/scripts/pal_db_ShufflePal.lua	- Melting  :  .
GrafX2/data/scripts/dawn/scripts/pal_db_ShufflePal.lua	- Melting  :  o
GrafX2/data/scripts/dawn/scripts/pal_db_ShufflePal.lua	- Melted  

GrafX2/data/scripts/dawn/scripts/pal_db_SuperSaturation.lua	- Melting  :  .
GrafX2/data/scripts/dawn/scripts/pal_db_SuperSaturation.lua	- Melting  :  o
GrafX2/data/scripts/dawn/scripts/pal_db_SuperSaturation.lua	- Melted  

GrafX2/data/scripts/dawn/scripts/pal_db_SuperSort6.lua	- Melting  :  .
GrafX2/data/scripts/dawn/scripts/pal_db_SuperSort6.lua	- Melting  :  o
GrafX2/data/scripts/dawn/scripts/pal_db_SuperSort6.lua	- Melted  

GrafX2/data/scripts/dawn/scripts/pal_db_SwapChannels.lua	- Melting  :  .
GrafX2/data/scripts/dawn/scripts/pal_db_SwapChannels.lua	- Melting  :  o
GrafX2/data/scripts/dawn/scripts/pal_db_SwapChannels.lua	- Melted  

GrafX2/data/scripts/dawn/scripts/pic_db_AddBorder.lua	- Melting  :  .
GrafX2/data/scripts/dawn/scripts/pic_db_AddBorder.lua	- Melting  :  o
GrafX2/data/scripts/dawn/scripts/pic_db_AddBorder.lua	- Melted  

GrafX2/data/scripts/dawn/scripts/pic_db_AddNoiseGauss.lua	- Melting  :  .
GrafX2/data/scripts/dawn/scripts/pic_db_AddNoiseGauss.lua	- Melting  :  o
GrafX2/data/scripts/dawn/scripts/pic_db_AddNoiseGauss.lua	- Melted  

GrafX2/data/scripts/dawn/scripts/pic_db_Alpha1.lua	- Melting  :  .
GrafX2/data/scripts/dawn/scripts/pic_db_Alpha1.lua	- Melting  :  o
GrafX2/data/scripts/dawn/scripts/pic_db_Alpha1.lua	- Melted  

GrafX2/data/scripts/dawn/scripts/pic_db_AlphaManager.lua	- Melting  :  .
GrafX2/data/scripts/dawn/scripts/pic_db_AlphaManager.lua	- Melting  :  o
GrafX2/data/scripts/dawn/scripts/pic_db_AlphaManager.lua	- Melted  

GrafX2/data/scripts/dawn/scripts/pic_db_AltitudeMapping.lua	- Melting  :  .
GrafX2/data/scripts/dawn/scripts/pic_db_AltitudeMapping.lua	- Melting  :  o
GrafX2/data/scripts/dawn/scripts/pic_db_AltitudeMapping.lua	- Melted  

GrafX2/data/scripts/dawn/scripts/pic_db_AnalyzePalette18.lua	- Melting  :  ...
GrafX2/data/scripts/dawn/scripts/pic_db_AnalyzePalette18.lua	- Melting  :  ooo
GrafX2/data/scripts/dawn/scripts/pic_db_AnalyzePalette18.lua	- Melted  

GrafX2/data/scripts/dawn/scripts/pic_db_ApplySpare.lua	- Melting  :  .
GrafX2/data/scripts/dawn/scripts/pic_db_ApplySpare.lua	- Melting  :  o
GrafX2/data/scripts/dawn/scripts/pic_db_ApplySpare.lua	- Melted  

GrafX2/data/scripts/dawn/scripts/pic_db_Backdrop_fs.lua	- Melting  :  .
GrafX2/data/scripts/dawn/scripts/pic_db_Backdrop_fs.lua	- Melting  :  o
GrafX2/data/scripts/dawn/scripts/pic_db_Backdrop_fs.lua	- Melted  

GrafX2/data/scripts/dawn/scripts/pic_db_BoxPattern.lua	- Melting  :  .
GrafX2/data/scripts/dawn/scripts/pic_db_BoxPattern.lua	- Melting  :  o
GrafX2/data/scripts/dawn/scripts/pic_db_BoxPattern.lua	- Melted  

GrafX2/data/scripts/dawn/scripts/pic_db_Brush2Picture.lua	- Melting  :  .
GrafX2/data/scripts/dawn/scripts/pic_db_Brush2Picture.lua	- Melting  :  o
GrafX2/data/scripts/dawn/scripts/pic_db_Brush2Picture.lua	- Melted  

GrafX2/data/scripts/dawn/scripts/pic_db_CharacterPatterns.lua	- Melting  :  .
GrafX2/data/scripts/dawn/scripts/pic_db_CharacterPatterns.lua	- Melting  :  o
GrafX2/data/scripts/dawn/scripts/pic_db_CharacterPatterns.lua	- Melted  

GrafX2/data/scripts/dawn/scripts/pic_db_CloudFractal.lua	- Melting  :  .
GrafX2/data/scripts/dawn/scripts/pic_db_CloudFractal.lua	- Melting  :  o
GrafX2/data/scripts/dawn/scripts/pic_db_CloudFractal.lua	- Melted  

GrafX2/data/scripts/dawn/scripts/pic_db_CloudFractal_Presets.lua	- Melting  :  .
GrafX2/data/scripts/dawn/scripts/pic_db_CloudFractal_Presets.lua	- Melting  :  o
GrafX2/data/scripts/dawn/scripts/pic_db_CloudFractal_Presets.lua	- Melted  

GrafX2/data/scripts/dawn/scripts/pic_db_ColorConvolutions.lua	- Melting  :  .
GrafX2/data/scripts/dawn/scripts/pic_db_ColorConvolutions.lua	- Melting  :  o
GrafX2/data/scripts/dawn/scripts/pic_db_ColorConvolutions.lua	- Melted  

GrafX2/data/scripts/dawn/scripts/pic_db_ComplementaryDiagram.lua	- Melting  :  .
GrafX2/data/scripts/dawn/scripts/pic_db_ComplementaryDiagram.lua	- Melting  :  o
GrafX2/data/scripts/dawn/scripts/pic_db_ComplementaryDiagram.lua	- Melted  

GrafX2/data/scripts/dawn/scripts/pic_db_CompositionHelper.lua	- Melting  :  .
GrafX2/data/scripts/dawn/scripts/pic_db_CompositionHelper.lua	- Melting  :  o
GrafX2/data/scripts/dawn/scripts/pic_db_CompositionHelper.lua	- Melted  

GrafX2/data/scripts/dawn/scripts/pic_db_Conv_Emboss.lua	- Melting  :  .
GrafX2/data/scripts/dawn/scripts/pic_db_Conv_Emboss.lua	- Melting  :  o
GrafX2/data/scripts/dawn/scripts/pic_db_Conv_Emboss.lua	- Melted  

GrafX2/data/scripts/dawn/scripts/pic_db_DiscRender.lua	- Melting  :  ..
GrafX2/data/scripts/dawn/scripts/pic_db_DiscRender.lua	- Melting  :  oo
GrafX2/data/scripts/dawn/scripts/pic_db_DiscRender.lua	- Melted  

GrafX2/data/scripts/dawn/scripts/pic_db_DistortAlpha.lua	- Melting  :  ..
GrafX2/data/scripts/dawn/scripts/pic_db_DistortAlpha.lua	- Melting  :  oo
GrafX2/data/scripts/dawn/scripts/pic_db_DistortAlpha.lua	- Melted  

GrafX2/data/scripts/dawn/scripts/pic_db_DistortFormula.lua	- Melting  :  ...
GrafX2/data/scripts/dawn/scripts/pic_db_DistortFormula.lua	- Melting  :  ooo
GrafX2/data/scripts/dawn/scripts/pic_db_DistortFormula.lua	- Melted  

GrafX2/data/scripts/dawn/scripts/pic_db_DistortMap.lua	- Melting  :  ..
GrafX2/data/scripts/dawn/scripts/pic_db_DistortMap.lua	- Melting  :  oo
GrafX2/data/scripts/dawn/scripts/pic_db_DistortMap.lua	- Melted  

GrafX2/data/scripts/dawn/scripts/pic_db_DistortPixels.lua	- Melting  :  .
GrafX2/data/scripts/dawn/scripts/pic_db_DistortPixels.lua	- Melting  :  o
GrafX2/data/scripts/dawn/scripts/pic_db_DistortPixels.lua	- Melted  

GrafX2/data/scripts/dawn/scripts/pic_db_DotMatrixMEM.lua	- Melting  :  .
GrafX2/data/scripts/dawn/scripts/pic_db_DotMatrixMEM.lua	- Melting  :  o
GrafX2/data/scripts/dawn/scripts/pic_db_DotMatrixMEM.lua	- Melted  

GrafX2/data/scripts/dawn/scripts/pic_db_DrawBriHueDiagram.lua	- Melting  :  .
GrafX2/data/scripts/dawn/scripts/pic_db_DrawBriHueDiagram.lua	- Melting  :  o
GrafX2/data/scripts/dawn/scripts/pic_db_DrawBriHueDiagram.lua	- Melted  

GrafX2/data/scripts/dawn/scripts/pic_db_DrawBriMatchDiagram.lua	- Melting  :  .
GrafX2/data/scripts/dawn/scripts/pic_db_DrawBriMatchDiagram.lua	- Melting  :  o
GrafX2/data/scripts/dawn/scripts/pic_db_DrawBriMatchDiagram.lua	- Melted  

GrafX2/data/scripts/dawn/scripts/pic_db_Dropshadow_n_Glow.lua	- Melting  :  ..
GrafX2/data/scripts/dawn/scripts/pic_db_Dropshadow_n_Glow.lua	- Melting  :  oo
GrafX2/data/scripts/dawn/scripts/pic_db_Dropshadow_n_Glow.lua	- Melted  

GrafX2/data/scripts/dawn/scripts/pic_db_EdgeMaxMin.lua	- Melting  :  .
GrafX2/data/scripts/dawn/scripts/pic_db_EdgeMaxMin.lua	- Melting  :  o
GrafX2/data/scripts/dawn/scripts/pic_db_EdgeMaxMin.lua	- Melted  

GrafX2/data/scripts/dawn/scripts/pic_db_EdgeSharpen.lua	- Melting  :  .
GrafX2/data/scripts/dawn/scripts/pic_db_EdgeSharpen.lua	- Melting  :  o
GrafX2/data/scripts/dawn/scripts/pic_db_EdgeSharpen.lua	- Melted  

GrafX2/data/scripts/dawn/scripts/pic_db_FieldGradient.lua	- Melting  :  .
GrafX2/data/scripts/dawn/scripts/pic_db_FieldGradient.lua	- Melting  :  o
GrafX2/data/scripts/dawn/scripts/pic_db_FieldGradient.lua	- Melted  

GrafX2/data/scripts/dawn/scripts/pic_db_FillColorWithBrush.lua	- Melting  :  .
GrafX2/data/scripts/dawn/scripts/pic_db_FillColorWithBrush.lua	- Melting  :  o
GrafX2/data/scripts/dawn/scripts/pic_db_FillColorWithBrush.lua	- Melted  

GrafX2/data/scripts/dawn/scripts/pic_db_FindPaletteDoubles.lua	- Melting  :  .
GrafX2/data/scripts/dawn/scripts/pic_db_FindPaletteDoubles.lua	- Melting  :  o
GrafX2/data/scripts/dawn/scripts/pic_db_FindPaletteDoubles.lua	- Melted  

GrafX2/data/scripts/dawn/scripts/pic_db_FractalPatterns.lua	- Melting  :  .
GrafX2/data/scripts/dawn/scripts/pic_db_FractalPatterns.lua	- Melting  :  o
GrafX2/data/scripts/dawn/scripts/pic_db_FractalPatterns.lua	- Melted  

GrafX2/data/scripts/dawn/scripts/pic_db_FractalSplit.lua	- Melting  :  .
GrafX2/data/scripts/dawn/scripts/pic_db_FractalSplit.lua	- Melting  :  o
GrafX2/data/scripts/dawn/scripts/pic_db_FractalSplit.lua	- Melted  

GrafX2/data/scripts/dawn/scripts/pic_db_FractalString.lua	- Melting  :  .
GrafX2/data/scripts/dawn/scripts/pic_db_FractalString.lua	- Melting  :  o
GrafX2/data/scripts/dawn/scripts/pic_db_FractalString.lua	- Melted  

GrafX2/data/scripts/dawn/scripts/pic_db_GammaGradients.lua	- Melting  :  .
GrafX2/data/scripts/dawn/scripts/pic_db_GammaGradients.lua	- Melting  :  o
GrafX2/data/scripts/dawn/scripts/pic_db_GammaGradients.lua	- Melted  

GrafX2/data/scripts/dawn/scripts/pic_db_GeometricShapes.lua	- Melting  :  .
GrafX2/data/scripts/dawn/scripts/pic_db_GeometricShapes.lua	- Melting  :  o
GrafX2/data/scripts/dawn/scripts/pic_db_GeometricShapes.lua	- Melted  

GrafX2/data/scripts/dawn/scripts/pic_db_Grids.lua	- Melting  :  .
GrafX2/data/scripts/dawn/scripts/pic_db_Grids.lua	- Melting  :  o
GrafX2/data/scripts/dawn/scripts/pic_db_Grids.lua	- Melted  

GrafX2/data/scripts/dawn/scripts/pic_db_HexagonalPattern.lua	- Melting  :  .
GrafX2/data/scripts/dawn/scripts/pic_db_HexagonalPattern.lua	- Melting  :  o
GrafX2/data/scripts/dawn/scripts/pic_db_HexagonalPattern.lua	- Melted  

GrafX2/data/scripts/dawn/scripts/pic_db_HueSaturationDiagram.lua	- Melting  :  .
GrafX2/data/scripts/dawn/scripts/pic_db_HueSaturationDiagram.lua	- Melting  :  o
GrafX2/data/scripts/dawn/scripts/pic_db_HueSaturationDiagram.lua	- Melted  

GrafX2/data/scripts/dawn/scripts/pic_db_IsoCubesRGB_Diagram.lua	- Melting  :  .
GrafX2/data/scripts/dawn/scripts/pic_db_IsoCubesRGB_Diagram.lua	- Melting  :  o
GrafX2/data/scripts/dawn/scripts/pic_db_IsoCubesRGB_Diagram.lua	- Melted  

GrafX2/data/scripts/dawn/scripts/pic_db_LineDemo.lua	- Melting  :  .
GrafX2/data/scripts/dawn/scripts/pic_db_LineDemo.lua	- Melting  :  o
GrafX2/data/scripts/dawn/scripts/pic_db_LineDemo.lua	- Melted  

GrafX2/data/scripts/dawn/scripts/pic_db_LineDemo_dbuf.lua	- Melting  :  .
GrafX2/data/scripts/dawn/scripts/pic_db_LineDemo_dbuf.lua	- Melting  :  o
GrafX2/data/scripts/dawn/scripts/pic_db_LineDemo_dbuf.lua	- Melted  

GrafX2/data/scripts/dawn/scripts/pic_db_MaxMin.lua	- Melting  :  .
GrafX2/data/scripts/dawn/scripts/pic_db_MaxMin.lua	- Melting  :  o
GrafX2/data/scripts/dawn/scripts/pic_db_MaxMin.lua	- Melted  

GrafX2/data/scripts/dawn/scripts/pic_db_MaxMinRadial.lua	- Melting  :  .
GrafX2/data/scripts/dawn/scripts/pic_db_MaxMinRadial.lua	- Melting  :  o
GrafX2/data/scripts/dawn/scripts/pic_db_MaxMinRadial.lua	- Melted  

GrafX2/data/scripts/dawn/scripts/pic_db_ObliqueLogo.lua	- Melting  :  .
GrafX2/data/scripts/dawn/scripts/pic_db_ObliqueLogo.lua	- Melting  :  o
GrafX2/data/scripts/dawn/scripts/pic_db_ObliqueLogo.lua	- Melted  

GrafX2/data/scripts/dawn/scripts/pic_db_OrderedGradientRemap.lua	- Melting  :  .
GrafX2/data/scripts/dawn/scripts/pic_db_OrderedGradientRemap.lua	- Melting  :  o
GrafX2/data/scripts/dawn/scripts/pic_db_OrderedGradientRemap.lua	- Melted  

GrafX2/data/scripts/dawn/scripts/pic_db_PaletteTablePJ.lua	- Melting  :  ..
GrafX2/data/scripts/dawn/scripts/pic_db_PaletteTablePJ.lua	- Melting  :  oo
GrafX2/data/scripts/dawn/scripts/pic_db_PaletteTablePJ.lua	- Melted  

GrafX2/data/scripts/dawn/scripts/pic_db_PanZoom.lua	- Melting  :  .
GrafX2/data/scripts/dawn/scripts/pic_db_PanZoom.lua	- Melting  :  o
GrafX2/data/scripts/dawn/scripts/pic_db_PanZoom.lua	- Melted  

GrafX2/data/scripts/dawn/scripts/pic_db_PerlinNoise.lua	- Melting  :  .
GrafX2/data/scripts/dawn/scripts/pic_db_PerlinNoise.lua	- Melting  :  o
GrafX2/data/scripts/dawn/scripts/pic_db_PerlinNoise.lua	- Melted  

GrafX2/data/scripts/dawn/scripts/pic_db_PlotBriHueDiagram.lua	- Melting  :  .
GrafX2/data/scripts/dawn/scripts/pic_db_PlotBriHueDiagram.lua	- Melting  :  o
GrafX2/data/scripts/dawn/scripts/pic_db_PlotBriHueDiagram.lua	- Melted  

GrafX2/data/scripts/dawn/scripts/pic_db_PolarBriHueDiagrams.lua	- Melting  :  .
GrafX2/data/scripts/dawn/scripts/pic_db_PolarBriHueDiagrams.lua	- Melting  :  o
GrafX2/data/scripts/dawn/scripts/pic_db_PolarBriHueDiagrams.lua	- Melted  

GrafX2/data/scripts/dawn/scripts/pic_db_QuadSplitRedux.lua	- Melting  :  ..
GrafX2/data/scripts/dawn/scripts/pic_db_QuadSplitRedux.lua	- Melting  :  oo
GrafX2/data/scripts/dawn/scripts/pic_db_QuadSplitRedux.lua	- Melted  

GrafX2/data/scripts/dawn/scripts/pic_db_ReTile.lua	- Melting  :  .
GrafX2/data/scripts/dawn/scripts/pic_db_ReTile.lua	- Melting  :  o
GrafX2/data/scripts/dawn/scripts/pic_db_ReTile.lua	- Melted  

GrafX2/data/scripts/dawn/scripts/pic_db_RemoveIsolated.lua	- Melting  :  .
GrafX2/data/scripts/dawn/scripts/pic_db_RemoveIsolated.lua	- Melting  :  o
GrafX2/data/scripts/dawn/scripts/pic_db_RemoveIsolated.lua	- Melted  

GrafX2/data/scripts/dawn/scripts/pic_db_RubthruPencolor.lua	- Melting  :  .
GrafX2/data/scripts/dawn/scripts/pic_db_RubthruPencolor.lua	- Melting  :  o
GrafX2/data/scripts/dawn/scripts/pic_db_RubthruPencolor.lua	- Melted  

GrafX2/data/scripts/dawn/scripts/pic_db_ScanlineVariations.lua	- Melting  :  .
GrafX2/data/scripts/dawn/scripts/pic_db_ScanlineVariations.lua	- Melting  :  o
GrafX2/data/scripts/dawn/scripts/pic_db_ScanlineVariations.lua	- Melted  

GrafX2/data/scripts/dawn/scripts/pic_db_Scanlines.lua	- Melting  :  .
GrafX2/data/scripts/dawn/scripts/pic_db_Scanlines.lua	- Melting  :  o
GrafX2/data/scripts/dawn/scripts/pic_db_Scanlines.lua	- Melted  

GrafX2/data/scripts/dawn/scripts/pic_db_SetImageSize.lua	- Melting  :  .
GrafX2/data/scripts/dawn/scripts/pic_db_SetImageSize.lua	- Melting  :  o
GrafX2/data/scripts/dawn/scripts/pic_db_SetImageSize.lua	- Melted  

GrafX2/data/scripts/dawn/scripts/pic_db_ShapeRenders.lua	- Melting  :  ..
GrafX2/data/scripts/dawn/scripts/pic_db_ShapeRenders.lua	- Melting  :  oo
GrafX2/data/scripts/dawn/scripts/pic_db_ShapeRenders.lua	- Melted  

GrafX2/data/scripts/dawn/scripts/pic_db_ShiftRGB.lua	- Melting  :  .
GrafX2/data/scripts/dawn/scripts/pic_db_ShiftRGB.lua	- Melting  :  o
GrafX2/data/scripts/dawn/scripts/pic_db_ShiftRGB.lua	- Melted  

GrafX2/data/scripts/dawn/scripts/pic_db_Shuffle.lua	- Melting  :  .
GrafX2/data/scripts/dawn/scripts/pic_db_Shuffle.lua	- Melting  :  o
GrafX2/data/scripts/dawn/scripts/pic_db_Shuffle.lua	- Melted  

GrafX2/data/scripts/dawn/scripts/pic_db_Sobel.lua	- Melting  :  .
GrafX2/data/scripts/dawn/scripts/pic_db_Sobel.lua	- Melting  :  o
GrafX2/data/scripts/dawn/scripts/pic_db_Sobel.lua	- Melted  

GrafX2/data/scripts/dawn/scripts/pic_db_SpareOperations.lua	- Melting  :  .
GrafX2/data/scripts/dawn/scripts/pic_db_SpareOperations.lua	- Melting  :  o
GrafX2/data/scripts/dawn/scripts/pic_db_SpareOperations.lua	- Melted  

GrafX2/data/scripts/dawn/scripts/pic_db_Spirals.lua	- Melting  :  .
GrafX2/data/scripts/dawn/scripts/pic_db_Spirals.lua	- Melting  :  o
GrafX2/data/scripts/dawn/scripts/pic_db_Spirals.lua	- Melted  

GrafX2/data/scripts/dawn/scripts/pic_db_SquareFilter.lua	- Melting  :  .
GrafX2/data/scripts/dawn/scripts/pic_db_SquareFilter.lua	- Melting  :  o
GrafX2/data/scripts/dawn/scripts/pic_db_SquareFilter.lua	- Melted  

GrafX2/data/scripts/dawn/scripts/pic_db_TestC64.lua	- Melting  :  .
GrafX2/data/scripts/dawn/scripts/pic_db_TestC64.lua	- Melting  :  o
GrafX2/data/scripts/dawn/scripts/pic_db_TestC64.lua	- Melted  

GrafX2/data/scripts/dawn/scripts/pic_db_TextTutorial.lua	- Melting  :  .
GrafX2/data/scripts/dawn/scripts/pic_db_TextTutorial.lua	- Melting  :  o
GrafX2/data/scripts/dawn/scripts/pic_db_TextTutorial.lua	- Melted  

GrafX2/data/scripts/dawn/scripts/pic_db_Threshold.lua	- Melting  :  .
GrafX2/data/scripts/dawn/scripts/pic_db_Threshold.lua	- Melting  :  o
GrafX2/data/scripts/dawn/scripts/pic_db_Threshold.lua	- Melted  

GrafX2/data/scripts/dawn/scripts/pic_db_TiltShift.lua	- Melting  :  .
GrafX2/data/scripts/dawn/scripts/pic_db_TiltShift.lua	- Melting  :  o
GrafX2/data/scripts/dawn/scripts/pic_db_TiltShift.lua	- Melted  

GrafX2/data/scripts/dawn/scripts/pic_db_Twirl.lua	- Melting  :  .
GrafX2/data/scripts/dawn/scripts/pic_db_Twirl.lua	- Melting  :  o
GrafX2/data/scripts/dawn/scripts/pic_db_Twirl.lua	- Melted  

GrafX2/data/scripts/dawn/scripts/pic_db_VoronoiCrystallize.lua	- Melting  :  .
GrafX2/data/scripts/dawn/scripts/pic_db_VoronoiCrystallize.lua	- Melting  :  o
GrafX2/data/scripts/dawn/scripts/pic_db_VoronoiCrystallize.lua	- Melted  

GrafX2/data/scripts/dawn/scripts/scn_db_Blenders.lua	- Melting  :  ..
GrafX2/data/scripts/dawn/scripts/scn_db_Blenders.lua	- Melting  :  oo
GrafX2/data/scripts/dawn/scripts/scn_db_Blenders.lua	- Melted  

GrafX2/data/scripts/dawn/scripts/scn_db_DistSlice.lua	- Melting  :  .
GrafX2/data/scripts/dawn/scripts/scn_db_DistSlice.lua	- Melting  :  o
GrafX2/data/scripts/dawn/scripts/scn_db_DistSlice.lua	- Melted  

GrafX2/data/scripts/dawn/scripts/scn_db_DistortMap4_LSwip.lua	- Melting  :  ..
GrafX2/data/scripts/dawn/scripts/scn_db_DistortMap4_LSwip.lua	- Melting  :  oo
GrafX2/data/scripts/dawn/scripts/scn_db_DistortMap4_LSwip.lua	- Melted  

GrafX2/data/scripts/dawn/scripts/scn_db_Explosion8fs.lua	- Melting  :  .
GrafX2/data/scripts/dawn/scripts/scn_db_Explosion8fs.lua	- Melting  :  o
GrafX2/data/scripts/dawn/scripts/scn_db_Explosion8fs.lua	- Melted  

GrafX2/data/scripts/dawn/scripts/scn_db_Fern256.lua	- Melting  :  .
GrafX2/data/scripts/dawn/scripts/scn_db_Fern256.lua	- Melting  :  o
GrafX2/data/scripts/dawn/scripts/scn_db_Fern256.lua	- Melted  

GrafX2/data/scripts/dawn/scripts/scn_db_FishEye_Radial.lua	- Melting  :  .
GrafX2/data/scripts/dawn/scripts/scn_db_FishEye_Radial.lua	- Melting  :  o
GrafX2/data/scripts/dawn/scripts/scn_db_FishEye_Radial.lua	- Melted  

GrafX2/data/scripts/dawn/scripts/scn_db_FractalCloud.lua	- Melting  :  ..
GrafX2/data/scripts/dawn/scripts/scn_db_FractalCloud.lua	- Melting  :  oo
GrafX2/data/scripts/dawn/scripts/scn_db_FractalCloud.lua	- Melted  

GrafX2/data/scripts/dawn/scripts/scn_db_FusePals.lua	- Melting  :  .
GrafX2/data/scripts/dawn/scripts/scn_db_FusePals.lua	- Melting  :  o
GrafX2/data/scripts/dawn/scripts/scn_db_FusePals.lua	- Melted  

GrafX2/data/scripts/dawn/scripts/scn_db_GrayscaleSetRemap.lua	- Melting  :  .
GrafX2/data/scripts/dawn/scripts/scn_db_GrayscaleSetRemap.lua	- Melting  :  o
GrafX2/data/scripts/dawn/scripts/scn_db_GrayscaleSetRemap.lua	- Melted  

GrafX2/data/scripts/dawn/scripts/scn_db_Lsys-Arrowhead.lua	- Melting  :  .
GrafX2/data/scripts/dawn/scripts/scn_db_Lsys-Arrowhead.lua	- Melting  :  o
GrafX2/data/scripts/dawn/scripts/scn_db_Lsys-Arrowhead.lua	- Melted  

GrafX2/data/scripts/dawn/scripts/scn_db_Lsys-BigWhisper.lua	- Melting  :  .
GrafX2/data/scripts/dawn/scripts/scn_db_Lsys-BigWhisper.lua	- Melting  :  o
GrafX2/data/scripts/dawn/scripts/scn_db_Lsys-BigWhisper.lua	- Melted  

GrafX2/data/scripts/dawn/scripts/scn_db_Lsys-BigWhisper2.lua	- Melting  :  .
GrafX2/data/scripts/dawn/scripts/scn_db_Lsys-BigWhisper2.lua	- Melting  :  o
GrafX2/data/scripts/dawn/scripts/scn_db_Lsys-BigWhisper2.lua	- Melted  

GrafX2/data/scripts/dawn/scripts/scn_db_Lsys-Ccurve.lua	- Melting  :  .
GrafX2/data/scripts/dawn/scripts/scn_db_Lsys-Ccurve.lua	- Melting  :  o
GrafX2/data/scripts/dawn/scripts/scn_db_Lsys-Ccurve.lua	- Melted  

GrafX2/data/scripts/dawn/scripts/scn_db_Lsys-Dragon.lua	- Melting  :  .
GrafX2/data/scripts/dawn/scripts/scn_db_Lsys-Dragon.lua	- Melting  :  o
GrafX2/data/scripts/dawn/scripts/scn_db_Lsys-Dragon.lua	- Melted  

GrafX2/data/scripts/dawn/scripts/scn_db_Lsys-Gosper.lua	- Melting  :  .
GrafX2/data/scripts/dawn/scripts/scn_db_Lsys-Gosper.lua	- Melting  :  o
GrafX2/data/scripts/dawn/scripts/scn_db_Lsys-Gosper.lua	- Melted  

GrafX2/data/scripts/dawn/scripts/scn_db_Lsys-Hilbert.lua	- Melting  :  .
GrafX2/data/scripts/dawn/scripts/scn_db_Lsys-Hilbert.lua	- Melting  :  o
GrafX2/data/scripts/dawn/scripts/scn_db_Lsys-Hilbert.lua	- Melted  

GrafX2/data/scripts/dawn/scripts/scn_db_Lsys-Islands.lua	- Melting  :  .
GrafX2/data/scripts/dawn/scripts/scn_db_Lsys-Islands.lua	- Melting  :  o
GrafX2/data/scripts/dawn/scripts/scn_db_Lsys-Islands.lua	- Melted  

GrafX2/data/scripts/dawn/scripts/scn_db_Lsys-Koch.lua	- Melting  :  .
GrafX2/data/scripts/dawn/scripts/scn_db_Lsys-Koch.lua	- Melting  :  o
GrafX2/data/scripts/dawn/scripts/scn_db_Lsys-Koch.lua	- Melted  

GrafX2/data/scripts/dawn/scripts/scn_db_Lsys-Octaroots.lua	- Melting  :  .
GrafX2/data/scripts/dawn/scripts/scn_db_Lsys-Octaroots.lua	- Melting  :  o
GrafX2/data/scripts/dawn/scripts/scn_db_Lsys-Octaroots.lua	- Melted  

GrafX2/data/scripts/dawn/scripts/scn_db_Lsys-Plant1.lua	- Melting  :  .
GrafX2/data/scripts/dawn/scripts/scn_db_Lsys-Plant1.lua	- Melting  :  o
GrafX2/data/scripts/dawn/scripts/scn_db_Lsys-Plant1.lua	- Melted  

GrafX2/data/scripts/dawn/scripts/scn_db_Lsys-Plant2.lua	- Melting  :  .
GrafX2/data/scripts/dawn/scripts/scn_db_Lsys-Plant2.lua	- Melting  :  o
GrafX2/data/scripts/dawn/scripts/scn_db_Lsys-Plant2.lua	- Melted  

GrafX2/data/scripts/dawn/scripts/scn_db_Lsys-Plant2_aaBri.lua	- Melting  :  .
GrafX2/data/scripts/dawn/scripts/scn_db_Lsys-Plant2_aaBri.lua	- Melting  :  o
GrafX2/data/scripts/dawn/scripts/scn_db_Lsys-Plant2_aaBri.lua	- Melted  

GrafX2/data/scripts/dawn/scripts/scn_db_Lsys-Plant3.lua	- Melting  :  .
GrafX2/data/scripts/dawn/scripts/scn_db_Lsys-Plant3.lua	- Melting  :  o
GrafX2/data/scripts/dawn/scripts/scn_db_Lsys-Plant3.lua	- Melted  

GrafX2/data/scripts/dawn/scripts/scn_db_Lsys-test.lua	- Melting  :  .
GrafX2/data/scripts/dawn/scripts/scn_db_Lsys-test.lua	- Melting  :  o
GrafX2/data/scripts/dawn/scripts/scn_db_Lsys-test.lua	- Melted  

GrafX2/data/scripts/dawn/scripts/scn_db_MandelbrotSmooth.lua	- Melting  :  .
GrafX2/data/scripts/dawn/scripts/scn_db_MandelbrotSmooth.lua	- Melting  :  o
GrafX2/data/scripts/dawn/scripts/scn_db_MandelbrotSmooth.lua	- Melted  

GrafX2/data/scripts/dawn/scripts/scn_db_MedianCut.lua	- Melting  :  .
GrafX2/data/scripts/dawn/scripts/scn_db_MedianCut.lua	- Melting  :  o
GrafX2/data/scripts/dawn/scripts/scn_db_MedianCut.lua	- Melted  

GrafX2/data/scripts/dawn/scripts/scn_db_NewOptimize4.lua	- Melting  :  .
GrafX2/data/scripts/dawn/scripts/scn_db_NewOptimize4.lua	- Melting  :  o
GrafX2/data/scripts/dawn/scripts/scn_db_NewOptimize4.lua	- Melted  

GrafX2/data/scripts/dawn/scripts/scn_db_RGBdither.lua	- Melting  :  .
GrafX2/data/scripts/dawn/scripts/scn_db_RGBdither.lua	- Melting  :  o
GrafX2/data/scripts/dawn/scripts/scn_db_RGBdither.lua	- Melted  

GrafX2/data/scripts/dawn/scripts/scn_db_RemoveColor.lua	- Melting  :  .
GrafX2/data/scripts/dawn/scripts/scn_db_RemoveColor.lua	- Melting  :  o
GrafX2/data/scripts/dawn/scripts/scn_db_RemoveColor.lua	- Melted  

GrafX2/data/scripts/dawn/scripts/scn_db_RemoveRarePixels.lua	- Melting  :  .
GrafX2/data/scripts/dawn/scripts/scn_db_RemoveRarePixels.lua	- Melting  :  o
GrafX2/data/scripts/dawn/scripts/scn_db_RemoveRarePixels.lua	- Melted  

GrafX2/data/scripts/dawn/scripts/scn_db_RetroFormats.lua	- Melting  :  ..
GrafX2/data/scripts/dawn/scripts/scn_db_RetroFormats.lua	- Melting  :  oo
GrafX2/data/scripts/dawn/scripts/scn_db_RetroFormats.lua	- Melted  

GrafX2/data/scripts/dawn/scripts/scn_db_Rotation.lua	- Melting  :  .
GrafX2/data/scripts/dawn/scripts/scn_db_Rotation.lua	- Melting  :  o
GrafX2/data/scripts/dawn/scripts/scn_db_Rotation.lua	- Melted  

GrafX2/data/scripts/dawn/scripts/scn_db_SpareRemapX.lua	- Melting  :  .
GrafX2/data/scripts/dawn/scripts/scn_db_SpareRemapX.lua	- Melting  :  o
GrafX2/data/scripts/dawn/scripts/scn_db_SpareRemapX.lua	- Melted  

GrafX2/data/scripts/dawn/scripts/scn_db_Voronoi3dRenderOptimized.lua	- Melting  :  .
GrafX2/data/scripts/dawn/scripts/scn_db_Voronoi3dRenderOptimized.lua	- Melting  :  o
GrafX2/data/scripts/dawn/scripts/scn_db_Voronoi3dRenderOptimized.lua	- Melted  

GrafX2/data/scripts/dawn/scripts/scn_db_VoronoiDiagram.lua	- Melting  :  .
GrafX2/data/scripts/dawn/scripts/scn_db_VoronoiDiagram.lua	- Melting  :  o
GrafX2/data/scripts/dawn/scripts/scn_db_VoronoiDiagram.lua	- Melted  

GrafX2/data/scripts/dawn/scripts/scn_db_VoronoiFillRender.lua	- Melting  :  .
GrafX2/data/scripts/dawn/scripts/scn_db_VoronoiFillRender.lua	- Melting  :  o
GrafX2/data/scripts/dawn/scripts/scn_db_VoronoiFillRender.lua	- Melted  

GrafX2/data/scripts/dawn/scripts/scn_db_Waves4.lua	- Melting  :  .
GrafX2/data/scripts/dawn/scripts/scn_db_Waves4.lua	- Melting  :  o
GrafX2/data/scripts/dawn/scripts/scn_db_Waves4.lua	- Melted  

GrafX2/data/scripts/dawn/scripts/scn_db_miCollage_fs.lua	- Melting  :  ..
GrafX2/data/scripts/dawn/scripts/scn_db_miCollage_fs.lua	- Melting  :  oo
GrafX2/data/scripts/dawn/scripts/scn_db_miCollage_fs.lua	- Melted  

GrafX2/data/scripts/dawn/scripts/scn_db_miDitherRemap.lua	- Melting  :  .
GrafX2/data/scripts/dawn/scripts/scn_db_miDitherRemap.lua	- Melting  :  o
GrafX2/data/scripts/dawn/scripts/scn_db_miDitherRemap.lua	- Melted  

GrafX2/data/scripts/dawn/scripts/scn_db_miMandelInterference_fs.lua	- Melting  :  .
GrafX2/data/scripts/dawn/scripts/scn_db_miMandelInterference_fs.lua	- Melting  :  o
GrafX2/data/scripts/dawn/scripts/scn_db_miMandelInterference_fs.lua	- Melted  

GrafX2/data/scripts/dawn/scripts/scn_db_miNiceCurves_fs.lua	- Melting  :  .
GrafX2/data/scripts/dawn/scripts/scn_db_miNiceCurves_fs.lua	- Melting  :  o
GrafX2/data/scripts/dawn/scripts/scn_db_miNiceCurves_fs.lua	- Melted  

GrafX2/data/scripts/dawn/scripts/scn_db_miRainbowDark2Bright_fs.lua	- Melting  :  .
GrafX2/data/scripts/dawn/scripts/scn_db_miRainbowDark2Bright_fs.lua	- Melting  :  o
GrafX2/data/scripts/dawn/scripts/scn_db_miRainbowDark2Bright_fs.lua	- Melted  

GrafX2/data/scripts/dawn/scripts/scn_db_miSCENETEMPLATE_fs.lua	- Melting  :  .
GrafX2/data/scripts/dawn/scripts/scn_db_miSCENETEMPLATE_fs.lua	- Melting  :  o
GrafX2/data/scripts/dawn/scripts/scn_db_miSCENETEMPLATE_fs.lua	- Melted  

GrafX2/data/scripts/dawn/scripts/scn_db_miScanlineXfade_fs.lua	- Melting  :  .
GrafX2/data/scripts/dawn/scripts/scn_db_miScanlineXfade_fs.lua	- Melting  :  o
GrafX2/data/scripts/dawn/scripts/scn_db_miScanlineXfade_fs.lua	- Melted  

GrafX2/data/scripts/dawn/scripts/scn_db_miSineRange_fs.lua	- Melting  :  .
GrafX2/data/scripts/dawn/scripts/scn_db_miSineRange_fs.lua	- Melting  :  o
GrafX2/data/scripts/dawn/scripts/scn_db_miSineRange_fs.lua	- Melted  

GrafX2/data/scripts/dawn/scripts/scn_db_miStarblobComplexity_fs.lua	- Melting  :  .
GrafX2/data/scripts/dawn/scripts/scn_db_miStarblobComplexity_fs.lua	- Melting  :  o
GrafX2/data/scripts/dawn/scripts/scn_db_miStarblobComplexity_fs.lua	- Melted  

GrafX2/data/scripts/dawn/scripts/scn_db_miTwirlPsycho_fs.lua	- Melting  :  .
GrafX2/data/scripts/dawn/scripts/scn_db_miTwirlPsycho_fs.lua	- Melting  :  o
GrafX2/data/scripts/dawn/scripts/scn_db_miTwirlPsycho_fs.lua	- Melted  

GrafX2/data/scripts/dawn/scripts/test_lsystem.lua	- Melting  :  .
GrafX2/data/scripts/dawn/scripts/test_lsystem.lua	- Melting  :  o
GrafX2/data/scripts/dawn/scripts/test_lsystem.lua	- Melted  

GrafX2/data/scripts/libs/gui.lua	- Melting  :  .
GrafX2/data/scripts/libs/gui.lua	- Melting  :  o
GrafX2/data/scripts/libs/gui.lua	- Melted  

GrafX2/data/scripts/samples/brush/ApplyColor.lua	- Melting  :  .
GrafX2/data/scripts/samples/brush/ApplyColor.lua	- Melting  :  o
GrafX2/data/scripts/samples/brush/ApplyColor.lua	- Melted  

GrafX2/data/scripts/samples/brush/Fisheye.lua	- Melting  :  .
GrafX2/data/scripts/samples/brush/Fisheye.lua	- Melting  :  o
GrafX2/data/scripts/samples/brush/Fisheye.lua	- Melted  

GrafX2/data/scripts/samples/brush/GrayscaleAvg.lua	- Melting  :  .
GrafX2/data/scripts/samples/brush/GrayscaleAvg.lua	- Melting  :  o
GrafX2/data/scripts/samples/brush/GrayscaleAvg.lua	- Melted  

GrafX2/data/scripts/samples/brush/GrayscaleDesat.lua	- Melting  :  .
GrafX2/data/scripts/samples/brush/GrayscaleDesat.lua	- Melting  :  o
GrafX2/data/scripts/samples/brush/GrayscaleDesat.lua	- Melted  

GrafX2/data/scripts/samples/brush/Halfsmooth.lua	- Melting  :  .
GrafX2/data/scripts/samples/brush/Halfsmooth.lua	- Melting  :  o
GrafX2/data/scripts/samples/brush/Halfsmooth.lua	- Melted  

GrafX2/data/scripts/samples/brush/Waves.lua	- Melting  :  .
GrafX2/data/scripts/samples/brush/Waves.lua	- Melting  :  o
GrafX2/data/scripts/samples/brush/Waves.lua	- Melted  

GrafX2/data/scripts/samples/codenetsend.lua	- Melting  :  .
GrafX2/data/scripts/samples/codenetsend.lua	- Melting  :  o
GrafX2/data/scripts/samples/codenetsend.lua	- Melted  

GrafX2/data/scripts/samples/demo/3DPalette.lua	- Melting  :  ..
GrafX2/data/scripts/samples/demo/3DPalette.lua	- Melting  :  oo
GrafX2/data/scripts/samples/demo/3DPalette.lua	- Melted  

GrafX2/data/scripts/samples/demo/Ellipse.lua	- Melting  :  .
GrafX2/data/scripts/samples/demo/Ellipse.lua	- Melting  :  o
GrafX2/data/scripts/samples/demo/Ellipse.lua	- Melted  

GrafX2/data/scripts/samples/demo/FlipPicture.lua	- Melting  :  .
GrafX2/data/scripts/samples/demo/FlipPicture.lua	- Melting  :  o
GrafX2/data/scripts/samples/demo/FlipPicture.lua	- Melted  

GrafX2/data/scripts/samples/demo/SierpinskyCarpet.lua	- Melting  :  .
GrafX2/data/scripts/samples/demo/SierpinskyCarpet.lua	- Melting  :  o
GrafX2/data/scripts/samples/demo/SierpinskyCarpet.lua	- Melted  

GrafX2/data/scripts/samples/demo/SierpinskyTriangle.lua	- Melting  :  .
GrafX2/data/scripts/samples/demo/SierpinskyTriangle.lua	- Melting  :  o
GrafX2/data/scripts/samples/demo/SierpinskyTriangle.lua	- Melted  

GrafX2/data/scripts/samples/demo/Spritesheet.lua	- Melting  :  .
GrafX2/data/scripts/samples/demo/Spritesheet.lua	- Melting  :  o
GrafX2/data/scripts/samples/demo/Spritesheet.lua	- Melted  

GrafX2/data/scripts/samples/demo/brush/Amigaball.lua	- Melting  :  .
GrafX2/data/scripts/samples/demo/brush/Amigaball.lua	- Melting  :  o
GrafX2/data/scripts/samples/demo/brush/Amigaball.lua	- Melted  

GrafX2/data/scripts/samples/demo/brush/ColorSphere.lua	- Melting  :  .
GrafX2/data/scripts/samples/demo/brush/ColorSphere.lua	- Melting  :  o
GrafX2/data/scripts/samples/demo/brush/ColorSphere.lua	- Melted  

GrafX2/data/scripts/samples/demo/brush/FindAA.lua	- Melting  :  .
GrafX2/data/scripts/samples/demo/brush/FindAA.lua	- Melting  :  o
GrafX2/data/scripts/samples/demo/brush/FindAA.lua	- Melted  

GrafX2/data/scripts/samples/demo/brush/Mandelbrot.lua	- Melting  :  .
GrafX2/data/scripts/samples/demo/brush/Mandelbrot.lua	- Melting  :  o
GrafX2/data/scripts/samples/demo/brush/Mandelbrot.lua	- Melted  

GrafX2/data/scripts/samples/libs/dawnbringer_lib.lua	- Melting  :  ......
GrafX2/data/scripts/samples/libs/dawnbringer_lib.lua	- Melting  :  oooooo
GrafX2/data/scripts/samples/libs/dawnbringer_lib.lua	- Melted  

GrafX2/data/scripts/samples/libs/memory.lua	- Melting  :  .
GrafX2/data/scripts/samples/libs/memory.lua	- Melting  :  o
GrafX2/data/scripts/samples/libs/memory.lua	- Melted  

GrafX2/data/scripts/samples/palette/Desaturate.lua	- Melting  :  .
GrafX2/data/scripts/samples/palette/Desaturate.lua	- Melting  :  o
GrafX2/data/scripts/samples/palette/Desaturate.lua	- Melted  

GrafX2/data/scripts/samples/palette/ExpandColors.lua	- Melting  :  .
GrafX2/data/scripts/samples/palette/ExpandColors.lua	- Melting  :  o
GrafX2/data/scripts/samples/palette/ExpandColors.lua	- Melted  

GrafX2/data/scripts/samples/palette/FillColorCube.lua	- Melting  :  .
GrafX2/data/scripts/samples/palette/FillColorCube.lua	- Melting  :  o
GrafX2/data/scripts/samples/palette/FillColorCube.lua	- Melted  

GrafX2/data/scripts/samples/palette/InvertedRGB.lua	- Melting  :  .
GrafX2/data/scripts/samples/palette/InvertedRGB.lua	- Melting  :  o
GrafX2/data/scripts/samples/palette/InvertedRGB.lua	- Melted  

GrafX2/data/scripts/samples/palette/Set3bit.lua	- Melting  :  .
GrafX2/data/scripts/samples/palette/Set3bit.lua	- Melting  :  o
GrafX2/data/scripts/samples/palette/Set3bit.lua	- Melted  

GrafX2/data/scripts/samples/palette/Set6bit.lua	- Melting  :  .
GrafX2/data/scripts/samples/palette/Set6bit.lua	- Melting  :  o
GrafX2/data/scripts/samples/palette/Set6bit.lua	- Melted  

GrafX2/data/scripts/samples/palette/SetC64Palette.lua	- Melting  :  .
GrafX2/data/scripts/samples/palette/SetC64Palette.lua	- Melting  :  o
GrafX2/data/scripts/samples/palette/SetC64Palette.lua	- Melted  

GrafX2/data/scripts/samples/palette/ShiftHue.lua	- Melting  :  .
GrafX2/data/scripts/samples/palette/ShiftHue.lua	- Melting  :  o
GrafX2/data/scripts/samples/palette/ShiftHue.lua	- Melted  

GrafX2/data/scripts/samples/picture/CellColourReducer.lua	- Melting  :  .
GrafX2/data/scripts/samples/picture/CellColourReducer.lua	- Melting  :  o
GrafX2/data/scripts/samples/picture/CellColourReducer.lua	- Melted  

GrafX2/data/scripts/samples/picture/DrawGridIsometric.lua	- Melting  :  .
GrafX2/data/scripts/samples/picture/DrawGridIsometric.lua	- Melting  :  o
GrafX2/data/scripts/samples/picture/DrawGridIsometric.lua	- Melted  

GrafX2/data/scripts/samples/picture/DrawGridOrthogonal_RGB.lua	- Melting  :  .
GrafX2/data/scripts/samples/picture/DrawGridOrthogonal_RGB.lua	- Melting  :  o
GrafX2/data/scripts/samples/picture/DrawGridOrthogonal_RGB.lua	- Melted  

GrafX2/data/scripts/samples/picture/DrawgridOrthogonal_Index.lua	- Melting  :  .
GrafX2/data/scripts/samples/picture/DrawgridOrthogonal_Index.lua	- Melting  :  o
GrafX2/data/scripts/samples/picture/DrawgridOrthogonal_Index.lua	- Melted  

GrafX2/data/scripts/samples/picture/FontConvert.lua	- Melting  :  .
GrafX2/data/scripts/samples/picture/FontConvert.lua	- Melting  :  o
GrafX2/data/scripts/samples/picture/FontConvert.lua	- Melted  

GrafX2/data/scripts/samples/picture/GlassGridFilter.lua	- Melting  :  .
GrafX2/data/scripts/samples/picture/GlassGridFilter.lua	- Melting  :  o
GrafX2/data/scripts/samples/picture/GlassGridFilter.lua	- Melted  

GrafX2/data/scripts/samples/picture/PaletteToPicture.lua	- Melting  :  .
GrafX2/data/scripts/samples/picture/PaletteToPicture.lua	- Melting  :  o
GrafX2/data/scripts/samples/picture/PaletteToPicture.lua	- Melted  

GrafX2/data/scripts/samples/picture/Pic2isometric.lua	- Melting  :  .
GrafX2/data/scripts/samples/picture/Pic2isometric.lua	- Melting  :  o
GrafX2/data/scripts/samples/picture/Pic2isometric.lua	- Melted  

GrafX2/data/scripts/samples/picture/Rainbow-Dark2Bright.lua	- Melting  :  .
GrafX2/data/scripts/samples/picture/Rainbow-Dark2Bright.lua	- Melting  :  o
GrafX2/data/scripts/samples/picture/Rainbow-Dark2Bright.lua	- Melted  

GrafX2/data/scripts/samples/picture/RemapImage2RGB.lua	- Melting  :  .
GrafX2/data/scripts/samples/picture/RemapImage2RGB.lua	- Melting  :  o
GrafX2/data/scripts/samples/picture/RemapImage2RGB.lua	- Melted  

GrafX2/data/scripts/samples/picture/RemapImage2RGB_ed.lua	- Melting  :  .
GrafX2/data/scripts/samples/picture/RemapImage2RGB_ed.lua	- Melting  :  o
GrafX2/data/scripts/samples/picture/RemapImage2RGB_ed.lua	- Melted  

GrafX2/data/scripts/samples/picture/RemapImageTo3bitPal.lua	- Melting  :  .
GrafX2/data/scripts/samples/picture/RemapImageTo3bitPal.lua	- Melting  :  o
GrafX2/data/scripts/samples/picture/RemapImageTo3bitPal.lua	- Melted  

GrafX2/data/scripts/samples/picture/ThomsonConstraints.lua	- Melting  :  .
GrafX2/data/scripts/samples/picture/ThomsonConstraints.lua	- Melting  :  o
GrafX2/data/scripts/samples/picture/ThomsonConstraints.lua	- Melted  

GrafX2/data/scripts/samples/picture/Tiler.lua	- Melting  :  .
GrafX2/data/scripts/samples/picture/Tiler.lua	- Melting  :  o
GrafX2/data/scripts/samples/picture/Tiler.lua	- Melted  

GrafX2/data/scripts/samples/picture/XBitColourXpaceFromPalette.lua	- Melting  :  .
GrafX2/data/scripts/samples/picture/XBitColourXpaceFromPalette.lua	- Melting  :  o
GrafX2/data/scripts/samples/picture/XBitColourXpaceFromPalette.lua	- Melted  

GrafX2/data/scripts/samples/picture/others-8bit/lib/ostro_other.lua	- Melting  :  .
GrafX2/data/scripts/samples/picture/others-8bit/lib/ostro_other.lua	- Melting  :  o
GrafX2/data/scripts/samples/picture/others-8bit/lib/ostro_other.lua	- Melted  

GrafX2/data/scripts/samples/picture/others-8bit/ostro_oric.lua	- Melting  :  .
GrafX2/data/scripts/samples/picture/others-8bit/ostro_oric.lua	- Melting  :  o
GrafX2/data/scripts/samples/picture/others-8bit/ostro_oric.lua	- Melted  

GrafX2/data/scripts/samples/picture/others-8bit/ostro_zx.lua	- Melting  :  .
GrafX2/data/scripts/samples/picture/others-8bit/ostro_zx.lua	- Melting  :  o
GrafX2/data/scripts/samples/picture/others-8bit/ostro_zx.lua	- Melted  

GrafX2/data/scripts/samples/picture/thomson/bayer4_mo5.lua	- Melting  :  .
GrafX2/data/scripts/samples/picture/thomson/bayer4_mo5.lua	- Melting  :  o
GrafX2/data/scripts/samples/picture/thomson/bayer4_mo5.lua	- Melted  

GrafX2/data/scripts/samples/picture/thomson/bayer4_to8.lua	- Melting  :  .
GrafX2/data/scripts/samples/picture/thomson/bayer4_to8.lua	- Melting  :  o
GrafX2/data/scripts/samples/picture/thomson/bayer4_to8.lua	- Melted  

GrafX2/data/scripts/samples/picture/thomson/lib/bayer.lua	- Melting  :  .
GrafX2/data/scripts/samples/picture/thomson/lib/bayer.lua	- Melting  :  o
GrafX2/data/scripts/samples/picture/thomson/lib/bayer.lua	- Melted  

GrafX2/data/scripts/samples/picture/thomson/lib/color.lua	- Melting  :  .
GrafX2/data/scripts/samples/picture/thomson/lib/color.lua	- Melting  :  o
GrafX2/data/scripts/samples/picture/thomson/lib/color.lua	- Melted  

GrafX2/data/scripts/samples/picture/thomson/lib/color_reduction.lua	- Melting  :  ..
GrafX2/data/scripts/samples/picture/thomson/lib/color_reduction.lua	- Melting  :  oo
GrafX2/data/scripts/samples/picture/thomson/lib/color_reduction.lua	- Melted  

GrafX2/data/scripts/samples/picture/thomson/lib/convex_hull.lua	- Melting  :  .
GrafX2/data/scripts/samples/picture/thomson/lib/convex_hull.lua	- Melting  :  o
GrafX2/data/scripts/samples/picture/thomson/lib/convex_hull.lua	- Melted  

GrafX2/data/scripts/samples/picture/thomson/lib/ostromoukhov.lua	- Melting  :  ..
GrafX2/data/scripts/samples/picture/thomson/lib/ostromoukhov.lua	- Melting  :  oo
GrafX2/data/scripts/samples/picture/thomson/lib/ostromoukhov.lua	- Melted  

GrafX2/data/scripts/samples/picture/thomson/lib/thomson.lua	- Melting  :  ..
GrafX2/data/scripts/samples/picture/thomson/lib/thomson.lua	- Melting  :  oo
GrafX2/data/scripts/samples/picture/thomson/lib/thomson.lua	- Melted  

GrafX2/data/scripts/samples/picture/thomson/none_mo5.lua	- Melting  :  .
GrafX2/data/scripts/samples/picture/thomson/none_mo5.lua	- Melting  :  o
GrafX2/data/scripts/samples/picture/thomson/none_mo5.lua	- Melted  

GrafX2/data/scripts/samples/picture/thomson/none_to8.lua	- Melting  :  .
GrafX2/data/scripts/samples/picture/thomson/none_to8.lua	- Melting  :  o
GrafX2/data/scripts/samples/picture/thomson/none_to8.lua	- Melted  

GrafX2/data/scripts/samples/picture/thomson/none_to9.lua	- Melting  :  .
GrafX2/data/scripts/samples/picture/thomson/none_to9.lua	- Melting  :  o
GrafX2/data/scripts/samples/picture/thomson/none_to9.lua	- Melted  

GrafX2/data/scripts/samples/picture/thomson/ostro_mo5.lua	- Melting  :  .
GrafX2/data/scripts/samples/picture/thomson/ostro_mo5.lua	- Melting  :  o
GrafX2/data/scripts/samples/picture/thomson/ostro_mo5.lua	- Melted  

GrafX2/data/scripts/samples/picture/thomson/ostro_to7.lua	- Melting  :  .
GrafX2/data/scripts/samples/picture/thomson/ostro_to7.lua	- Melting  :  o
GrafX2/data/scripts/samples/picture/thomson/ostro_to7.lua	- Melted  

GrafX2/data/scripts/samples/picture/thomson/ostro_to8.lua	- Melting  :  .
GrafX2/data/scripts/samples/picture/thomson/ostro_to8.lua	- Melting  :  o
GrafX2/data/scripts/samples/picture/thomson/ostro_to8.lua	- Melted  

GrafX2/data/scripts/samples/picture/thomson/ostro_to9.lua	- Melting  :  .
GrafX2/data/scripts/samples/picture/thomson/ostro_to9.lua	- Melting  :  o
GrafX2/data/scripts/samples/picture/thomson/ostro_to9.lua	- Melted  

GrafX2/data/skins/font_Classic.png	- Melting  :  .
GrafX2/data/skins/font_Classic.png	- Melting  :  o
GrafX2/data/skins/font_Classic.png	- Melted  

GrafX2/data/skins/font_DPaint.png	- Melting  :  .
GrafX2/data/skins/font_DPaint.png	- Melting  :  o
GrafX2/data/skins/font_DPaint.png	- Melted  

GrafX2/data/skins/font_Dawn.png	- Melting  :  .
GrafX2/data/skins/font_Dawn.png	- Melting  :  o
GrafX2/data/skins/font_Dawn.png	- Melted  

GrafX2/data/skins/font_Elmer.png	- Melting  :  .
GrafX2/data/skins/font_Elmer.png	- Melting  :  o
GrafX2/data/skins/font_Elmer.png	- Melted  

GrafX2/data/skins/font_Fairlight.png	- Melting  :  .
GrafX2/data/skins/font_Fairlight.png	- Melting  :  o
GrafX2/data/skins/font_Fairlight.png	- Melted  

GrafX2/data/skins/font_Fun.png	- Melting  :  .
GrafX2/data/skins/font_Fun.png	- Melting  :  o
GrafX2/data/skins/font_Fun.png	- Melted  

GrafX2/data/skins/font_Melon.png	- Melting  :  .
GrafX2/data/skins/font_Melon.png	- Melting  :  o
GrafX2/data/skins/font_Melon.png	- Melted  

GrafX2/data/skins/font_Seen.png	- Melting  :  .
GrafX2/data/skins/font_Seen.png	- Melting  :  o
GrafX2/data/skins/font_Seen.png	- Melted  

GrafX2/data/skins/skin_Aurora.png	- Melting  :  ...
GrafX2/data/skins/skin_Aurora.png	- Melting  :  ooo
GrafX2/data/skins/skin_Aurora.png	- Melted  

GrafX2/data/skins/skin_Clax2.gif	- Melting  :  ...
GrafX2/data/skins/skin_Clax2.gif	- Melting  :  ooo
GrafX2/data/skins/skin_Clax2.gif	- Melted  

GrafX2/data/skins/skin_Clax3.gif	- Melting  :  ...
GrafX2/data/skins/skin_Clax3.gif	- Melting  :  ooo
GrafX2/data/skins/skin_Clax3.gif	- Melted  

GrafX2/data/skins/skin_Clax4.gif	- Melting  :  ...
GrafX2/data/skins/skin_Clax4.gif	- Melting  :  ooo
GrafX2/data/skins/skin_Clax4.gif	- Melted  

GrafX2/data/skins/skin_DPaint.png	- Melting  :  ..
GrafX2/data/skins/skin_DPaint.png	- Melting  :  oo
GrafX2/data/skins/skin_DPaint.png	- Melted  

GrafX2/data/skins/skin_black.png	- Melting  :  ...
GrafX2/data/skins/skin_black.png	- Melting  :  ooo
GrafX2/data/skins/skin_black.png	- Melted  

GrafX2/data/skins/skin_chrisfx.png	- Melting  :  ..
GrafX2/data/skins/skin_chrisfx.png	- Melting  :  oo
GrafX2/data/skins/skin_chrisfx.png	- Melted  

GrafX2/data/skins/skin_classic.png	- Melting  :  ...
GrafX2/data/skins/skin_classic.png	- Melting  :  ooo
GrafX2/data/skins/skin_classic.png	- Melted  

GrafX2/data/skins/skin_klin.png	- Melting  :  ...
GrafX2/data/skins/skin_klin.png	- Melting  :  ooo
GrafX2/data/skins/skin_klin.png	- Melted  

GrafX2/data/skins/skin_modern.png	- Melting  :  ...
GrafX2/data/skins/skin_modern.png	- Melting  :  ooo
GrafX2/data/skins/skin_modern.png	- Melted  

GrafX2/data/skins/skin_scenish.png	- Melting  :  ...
GrafX2/data/skins/skin_scenish.png	- Melting  :  ooo
GrafX2/data/skins/skin_scenish.png	- Melted  

GrafX2/data/skins/unicode_0410-044F.png	- Melting  :  .
GrafX2/data/skins/unicode_0410-044F.png	- Melting  :  o
GrafX2/data/skins/unicode_0410-044F.png	- Melted  

GrafX2.info	- Melting  :  .
GrafX2.info	- Melting  :  o
GrafX2.info	- Melted  
